Archive member included to satisfy reference by file (symbol)

c:/program files (x86)/atollic/truestudio for stm32 9.3.0/armtools/bin/../lib/gcc/arm-atollic-eabi/6.3.1/../../../../arm-atollic-eabi/lib/armv7-m\libc_nano.a(lib_a-atoi.o)
                              Src\main.o (atoi)
c:/program files (x86)/atollic/truestudio for stm32 9.3.0/armtools/bin/../lib/gcc/arm-atollic-eabi/6.3.1/../../../../arm-atollic-eabi/lib/armv7-m\libc_nano.a(lib_a-errno.o)
                              Src\syscalls.o (__errno)
c:/program files (x86)/atollic/truestudio for stm32 9.3.0/armtools/bin/../lib/gcc/arm-atollic-eabi/6.3.1/../../../../arm-atollic-eabi/lib/armv7-m\libc_nano.a(lib_a-impure.o)
                              c:/program files (x86)/atollic/truestudio for stm32 9.3.0/armtools/bin/../lib/gcc/arm-atollic-eabi/6.3.1/../../../../arm-atollic-eabi/lib/armv7-m\libc_nano.a(lib_a-errno.o) (_impure_ptr)
c:/program files (x86)/atollic/truestudio for stm32 9.3.0/armtools/bin/../lib/gcc/arm-atollic-eabi/6.3.1/../../../../arm-atollic-eabi/lib/armv7-m\libc_nano.a(lib_a-init.o)
                              startup\startup_stm32f103xb.o (__libc_init_array)
c:/program files (x86)/atollic/truestudio for stm32 9.3.0/armtools/bin/../lib/gcc/arm-atollic-eabi/6.3.1/../../../../arm-atollic-eabi/lib/armv7-m\libc_nano.a(lib_a-memset.o)
                              Drivers\STM32F1xx_HAL_Driver\Src\stm32f1xx_hal_adc_ex.o (memset)
c:/program files (x86)/atollic/truestudio for stm32 9.3.0/armtools/bin/../lib/gcc/arm-atollic-eabi/6.3.1/../../../../arm-atollic-eabi/lib/armv7-m\libc_nano.a(lib_a-printf.o)
                              Src\main.o (printf)
c:/program files (x86)/atollic/truestudio for stm32 9.3.0/armtools/bin/../lib/gcc/arm-atollic-eabi/6.3.1/../../../../arm-atollic-eabi/lib/armv7-m\libc_nano.a(lib_a-puts.o)
                              Src\main.o (puts)
c:/program files (x86)/atollic/truestudio for stm32 9.3.0/armtools/bin/../lib/gcc/arm-atollic-eabi/6.3.1/../../../../arm-atollic-eabi/lib/armv7-m\libc_nano.a(lib_a-strcmp.o)
                              Src\main.o (strcmp)
c:/program files (x86)/atollic/truestudio for stm32 9.3.0/armtools/bin/../lib/gcc/arm-atollic-eabi/6.3.1/../../../../arm-atollic-eabi/lib/armv7-m\libc_nano.a(lib_a-strtol.o)
                              c:/program files (x86)/atollic/truestudio for stm32 9.3.0/armtools/bin/../lib/gcc/arm-atollic-eabi/6.3.1/../../../../arm-atollic-eabi/lib/armv7-m\libc_nano.a(lib_a-atoi.o) (_strtol_r)
c:/program files (x86)/atollic/truestudio for stm32 9.3.0/armtools/bin/../lib/gcc/arm-atollic-eabi/6.3.1/../../../../arm-atollic-eabi/lib/armv7-m\libc_nano.a(lib_a-wbuf.o)
                              c:/program files (x86)/atollic/truestudio for stm32 9.3.0/armtools/bin/../lib/gcc/arm-atollic-eabi/6.3.1/../../../../arm-atollic-eabi/lib/armv7-m\libc_nano.a(lib_a-puts.o) (__swbuf_r)
c:/program files (x86)/atollic/truestudio for stm32 9.3.0/armtools/bin/../lib/gcc/arm-atollic-eabi/6.3.1/../../../../arm-atollic-eabi/lib/armv7-m\libc_nano.a(lib_a-wsetup.o)
                              c:/program files (x86)/atollic/truestudio for stm32 9.3.0/armtools/bin/../lib/gcc/arm-atollic-eabi/6.3.1/../../../../arm-atollic-eabi/lib/armv7-m\libc_nano.a(lib_a-puts.o) (__swsetup_r)
c:/program files (x86)/atollic/truestudio for stm32 9.3.0/armtools/bin/../lib/gcc/arm-atollic-eabi/6.3.1/../../../../arm-atollic-eabi/lib/armv7-m\libc_nano.a(lib_a-fflush.o)
                              c:/program files (x86)/atollic/truestudio for stm32 9.3.0/armtools/bin/../lib/gcc/arm-atollic-eabi/6.3.1/../../../../arm-atollic-eabi/lib/armv7-m\libc_nano.a(lib_a-wbuf.o) (_fflush_r)
c:/program files (x86)/atollic/truestudio for stm32 9.3.0/armtools/bin/../lib/gcc/arm-atollic-eabi/6.3.1/../../../../arm-atollic-eabi/lib/armv7-m\libc_nano.a(lib_a-findfp.o)
                              c:/program files (x86)/atollic/truestudio for stm32 9.3.0/armtools/bin/../lib/gcc/arm-atollic-eabi/6.3.1/../../../../arm-atollic-eabi/lib/armv7-m\libc_nano.a(lib_a-printf.o) (__sinit)
c:/program files (x86)/atollic/truestudio for stm32 9.3.0/armtools/bin/../lib/gcc/arm-atollic-eabi/6.3.1/../../../../arm-atollic-eabi/lib/armv7-m\libc_nano.a(lib_a-fwalk.o)
                              c:/program files (x86)/atollic/truestudio for stm32 9.3.0/armtools/bin/../lib/gcc/arm-atollic-eabi/6.3.1/../../../../arm-atollic-eabi/lib/armv7-m\libc_nano.a(lib_a-findfp.o) (_fwalk)
c:/program files (x86)/atollic/truestudio for stm32 9.3.0/armtools/bin/../lib/gcc/arm-atollic-eabi/6.3.1/../../../../arm-atollic-eabi/lib/armv7-m\libc_nano.a(lib_a-locale.o)
                              c:/program files (x86)/atollic/truestudio for stm32 9.3.0/armtools/bin/../lib/gcc/arm-atollic-eabi/6.3.1/../../../../arm-atollic-eabi/lib/armv7-m\libc_nano.a(lib_a-strtol.o) (__locale_ctype_ptr_l)
[...]
Memory Configuration

Name             Origin             Length             Attributes
RAM              0x20000000         0x00005000         xrw
FLASH            0x08000000         0x00010000         xr
*default*        0x00000000         0xffffffff

Linker script and memory map

LOAD c:/program files (x86)/atollic/truestudio for stm32 9.3.0/armtools/bin/../lib/gcc/arm-atollic-eabi/6.3.1/armv7-m/crti.o
LOAD c:/program files (x86)/atollic/truestudio for stm32 9.3.0/armtools/bin/../lib/gcc/arm-atollic-eabi/6.3.1/armv7-m/crtbegin.o
LOAD Drivers\STM32F1xx_HAL_Driver\Src\stm32f1xx_hal.o
LOAD Drivers\STM32F1xx_HAL_Driver\Src\stm32f1xx_hal_adc.o
LOAD Drivers\STM32F1xx_HAL_Driver\Src\stm32f1xx_hal_adc_ex.o
LOAD Drivers\STM32F1xx_HAL_Driver\Src\stm32f1xx_hal_cortex.o
LOAD Drivers\STM32F1xx_HAL_Driver\Src\stm32f1xx_hal_dma.o
LOAD Drivers\STM32F1xx_HAL_Driver\Src\stm32f1xx_hal_exti.o
LOAD Drivers\STM32F1xx_HAL_Driver\Src\stm32f1xx_hal_flash.o
LOAD Drivers\STM32F1xx_HAL_Driver\Src\stm32f1xx_hal_flash_ex.o
LOAD Drivers\STM32F1xx_HAL_Driver\Src\stm32f1xx_hal_gpio.o
LOAD Drivers\STM32F1xx_HAL_Driver\Src\stm32f1xx_hal_gpio_ex.o
LOAD Drivers\STM32F1xx_HAL_Driver\Src\stm32f1xx_hal_pwr.o
LOAD Drivers\STM32F1xx_HAL_Driver\Src\stm32f1xx_hal_rcc.o
LOAD Drivers\STM32F1xx_HAL_Driver\Src\stm32f1xx_hal_rcc_ex.o
LOAD Drivers\STM32F1xx_HAL_Driver\Src\stm32f1xx_hal_tim.o
LOAD Drivers\STM32F1xx_HAL_Driver\Src\stm32f1xx_hal_tim_ex.o
LOAD Drivers\STM32F1xx_HAL_Driver\Src\stm32f1xx_hal_uart.o
LOAD Src\adc.o
LOAD Src\gpio.o
LOAD Src\main.o
LOAD Src\stm32f1xx_hal_msp.o
LOAD Src\stm32f1xx_it.o
LOAD Src\syscalls.o
LOAD Src\sysclk.o
LOAD Src\system_stm32f1xx.o
LOAD Src\tim.o
LOAD Src\uart.o
LOAD startup\startup_stm32f103xb.o
                0x00000080                malloc_getpagesize_P = 0x80
START GROUP
LOAD c:/program files (x86)/atollic/truestudio for stm32 9.3.0/armtools/bin/../lib/gcc/arm-atollic-eabi/6.3.1/../../../../arm-atollic-eabi/lib/armv7-m\libc_nano.a
LOAD c:/program files (x86)/atollic/truestudio for stm32 9.3.0/armtools/bin/../lib/gcc/arm-atollic-eabi/6.3.1/../../../../arm-atollic-eabi/lib/armv7-m\libm.a
END GROUP
START GROUP
LOAD c:/program files (x86)/atollic/truestudio for stm32 9.3.0/armtools/bin/../lib/gcc/arm-atollic-eabi/6.3.1/armv7-m\libgcc.a
LOAD c:/program files (x86)/atollic/truestudio for stm32 9.3.0/armtools/bin/../lib/gcc/arm-atollic-eabi/6.3.1/../../../../arm-atollic-eabi/lib/armv7-m\libc_nano.a
END GROUP
START GROUP
LOAD c:/program files (x86)/atollic/truestudio for stm32 9.3.0/armtools/bin/../lib/gcc/arm-atollic-eabi/6.3.1/armv7-m\libgcc.a
LOAD c:/program files (x86)/atollic/truestudio for stm32 9.3.0/armtools/bin/../lib/gcc/arm-atollic-eabi/6.3.1/../../../../arm-atollic-eabi/lib/armv7-m\libc_nano.a
LOAD c:/program files (x86)/atollic/truestudio for stm32 9.3.0/armtools/bin/../lib/gcc/arm-atollic-eabi/6.3.1/../../../../arm-atollic-eabi/lib/armv7-m\libnosys.a
END GROUP
START GROUP
LOAD c:/program files (x86)/atollic/truestudio for stm32 9.3.0/armtools/bin/../lib/gcc/arm-atollic-eabi/6.3.1/armv7-m\libgcc.a
LOAD c:/program files (x86)/atollic/truestudio for stm32 9.3.0/armtools/bin/../lib/gcc/arm-atollic-eabi/6.3.1/../../../../arm-atollic-eabi/lib/armv7-m\libc_nano.a
LOAD c:/program files (x86)/atollic/truestudio for stm32 9.3.0/armtools/bin/../lib/gcc/arm-atollic-eabi/6.3.1/../../../../arm-atollic-eabi/lib/armv7-m\libnosys.a
END GROUP
LOAD c:/program files (x86)/atollic/truestudio for stm32 9.3.0/armtools/bin/../lib/gcc/arm-atollic-eabi/6.3.1/armv7-m/crtend.o
LOAD c:/program files (x86)/atollic/truestudio for stm32 9.3.0/armtools/bin/../lib/gcc/arm-atollic-eabi/6.3.1/armv7-m/crtn.o
                0x20005000                _estack = 0x20005000
                0x00000200                _Min_Heap_Size = 0x200
                0x00000400                _Min_Stack_Size = 0x400

.isr_vector     0x08000000      0x10c
                0x08000000                . = ALIGN (0x4)
 *(.isr_vector)
 .isr_vector    0x08000000      0x10c startup\startup_stm32f103xb.o
                0x08000000                g_pfnVectors
                0x0800010c                . = ALIGN (0x4)

.text           0x0800010c     0x44e0
                0x0800010c                . = ALIGN (0x4)
 *(.text)
 .text          0x0800010c       0x40 c:/program files (x86)/atollic/truestudio for stm32 9.3.0/armtools/bin/../lib/gcc/arm-atollic-eabi/6.3.1/armv7-m/crtbegin.o
 .text          0x0800014c       0x14 c:/program files (x86)/atollic/truestudio for stm32 9.3.0/armtools/bin/../lib/gcc/arm-atollic-eabi/6.3.1/../../../../arm-atollic-eabi/lib/armv7-m\libc_nano.a(lib_a-strcmp.o)
                0x0800014c                strcmp
 *(.text*)
 .text.HAL_InitTick
                0x08000160       0x48 Drivers\STM32F1xx_HAL_Driver\Src\stm32f1xx_hal.o
                0x08000160                HAL_InitTick
 .text.HAL_Init
                0x080001a8       0x24 Drivers\STM32F1xx_HAL_Driver\Src\stm32f1xx_hal.o
                0x080001a8                HAL_Init
 .text.HAL_IncTick
                0x080001cc       0x18 Drivers\STM32F1xx_HAL_Driver\Src\stm32f1xx_hal.o
                0x080001cc                HAL_IncTick
 .text.HAL_GetTick
                0x080001e4        0xc Drivers\STM32F1xx_HAL_Driver\Src\stm32f1xx_hal.o
                0x080001e4                HAL_GetTick
 .text.HAL_ADC_PollForConversion
                0x080001f0      0x15c Drivers\STM32F1xx_HAL_Driver\Src\stm32f1xx_hal_adc.o
                0x080001f0                HAL_ADC_PollForConversion
 .text.HAL_ADC_GetValue
                0x0800034c        0x6 Drivers\STM32F1xx_HAL_Driver\Src\stm32f1xx_hal_adc.o
                0x0800034c                HAL_ADC_GetValue
 *fill*         0x08000352        0x2 
 .text.HAL_ADC_ConfigChannel
                0x08000354      0x108 Drivers\STM32F1xx_HAL_Driver\Src\stm32f1xx_hal_adc.o
                0x08000354                HAL_ADC_ConfigChannel
 .text.ADC_Enable
                0x0800045c       0x78 Drivers\STM32F1xx_HAL_Driver\Src\stm32f1xx_hal_adc.o
                0x0800045c                ADC_Enable
 .text.HAL_ADC_Start
                0x080004d4       0xc4 Drivers\STM32F1xx_HAL_Driver\Src\stm32f1xx_hal_adc.o
                0x080004d4                HAL_ADC_Start
 .text.ADC_ConversionStop_Disable
                0x08000598       0x4c Drivers\STM32F1xx_HAL_Driver\Src\stm32f1xx_hal_adc.o
                0x08000598                ADC_ConversionStop_Disable
 .text.HAL_ADC_Init
                0x080005e4      0x100 Drivers\STM32F1xx_HAL_Driver\Src\stm32f1xx_hal_adc.o
                0x080005e4                HAL_ADC_Init
 .text.HAL_ADC_Stop
                0x080006e4       0x34 Drivers\STM32F1xx_HAL_Driver\Src\stm32f1xx_hal_adc.o
                0x080006e4                HAL_ADC_Stop
 .text.HAL_ADCEx_Calibration_Start
                0x08000718       0xe0 Drivers\STM32F1xx_HAL_Driver\Src\stm32f1xx_hal_adc_ex.o
                0x08000718                HAL_ADCEx_Calibration_Start
 .text.HAL_NVIC_SetPriorityGrouping
                0x080007f8       0x24 Drivers\STM32F1xx_HAL_Driver\Src\stm32f1xx_hal_cortex.o
                0x080007f8                HAL_NVIC_SetPriorityGrouping
 .text.HAL_NVIC_SetPriority
                0x0800081c       0x68 Drivers\STM32F1xx_HAL_Driver\Src\stm32f1xx_hal_cortex.o
                0x0800081c                HAL_NVIC_SetPriority
 .text.HAL_NVIC_EnableIRQ
                0x08000884       0x1c Drivers\STM32F1xx_HAL_Driver\Src\stm32f1xx_hal_cortex.o
                0x08000884                HAL_NVIC_EnableIRQ
 .text.HAL_SYSTICK_Config
                0x080008a0       0x2c Drivers\STM32F1xx_HAL_Driver\Src\stm32f1xx_hal_cortex.o
                0x080008a0                HAL_SYSTICK_Config
 .text.HAL_DMA_Abort
                0x080008cc       0x42 Drivers\STM32F1xx_HAL_Driver\Src\stm32f1xx_hal_dma.o
                0x080008cc                HAL_DMA_Abort
 *fill*         0x0800090e        0x2 
 .text.HAL_DMA_Abort_IT
                0x08000910       0x90 Drivers\STM32F1xx_HAL_Driver\Src\stm32f1xx_hal_dma.o
                0x08000910                HAL_DMA_Abort_IT
 .text.HAL_GPIO_Init
                0x080009a0      0x1c4 Drivers\STM32F1xx_HAL_Driver\Src\stm32f1xx_hal_gpio.o
                0x080009a0                HAL_GPIO_Init
 .text.HAL_GPIO_ReadPin
                0x08000b64        0xc Drivers\STM32F1xx_HAL_Driver\Src\stm32f1xx_hal_gpio.o
                0x08000b64                HAL_GPIO_ReadPin
 .text.HAL_GPIO_WritePin
                0x08000b70        0xa Drivers\STM32F1xx_HAL_Driver\Src\stm32f1xx_hal_gpio.o
                0x08000b70                HAL_GPIO_WritePin
 .text.HAL_GPIO_TogglePin
                0x08000b7a       0x12 Drivers\STM32F1xx_HAL_Driver\Src\stm32f1xx_hal_gpio.o
                0x08000b7a                HAL_GPIO_TogglePin
 .text.HAL_GPIO_EXTI_IRQHandler
                0x08000b8c       0x18 Drivers\STM32F1xx_HAL_Driver\Src\stm32f1xx_hal_gpio.o
                0x08000b8c                HAL_GPIO_EXTI_IRQHandler
 .text.HAL_RCC_OscConfig
                0x08000ba4      0x33c Drivers\STM32F1xx_HAL_Driver\Src\stm32f1xx_hal_rcc.o
                0x08000ba4                HAL_RCC_OscConfig
 .text.HAL_RCC_GetSysClockFreq
                0x08000ee0       0x78 Drivers\STM32F1xx_HAL_Driver\Src\stm32f1xx_hal_rcc.o
                0x08000ee0                HAL_RCC_GetSysClockFreq
 .text.HAL_RCC_ClockConfig
                0x08000f58      0x13c Drivers\STM32F1xx_HAL_Driver\Src\stm32f1xx_hal_rcc.o
                0x08000f58                HAL_RCC_ClockConfig
 .text.HAL_RCC_GetPCLK1Freq
                0x08001094       0x20 Drivers\STM32F1xx_HAL_Driver\Src\stm32f1xx_hal_rcc.o
                0x08001094                HAL_RCC_GetPCLK1Freq
 .text.HAL_RCC_GetPCLK2Freq
                0x080010b4       0x20 Drivers\STM32F1xx_HAL_Driver\Src\stm32f1xx_hal_rcc.o
                0x080010b4                HAL_RCC_GetPCLK2Freq
 .text.HAL_RCCEx_PeriphCLKConfig
                0x080010d4       0xf0 Drivers\STM32F1xx_HAL_Driver\Src\stm32f1xx_hal_rcc_ex.o
                0x080010d4                HAL_RCCEx_PeriphCLKConfig
 .text.HAL_RCCEx_GetPeriphCLKFreq
                0x080011c4       0xec Drivers\STM32F1xx_HAL_Driver\Src\stm32f1xx_hal_rcc_ex.o
                0x080011c4                HAL_RCCEx_GetPeriphCLKFreq
 .text.TIM_OC1_SetConfig
                0x080012b0       0x50 Drivers\STM32F1xx_HAL_Driver\Src\stm32f1xx_hal_tim.o
 .text.TIM_OC3_SetConfig
                0x08001300       0x54 Drivers\STM32F1xx_HAL_Driver\Src\stm32f1xx_hal_tim.o
 .text.TIM_OC4_SetConfig
                0x08001354       0x44 Drivers\STM32F1xx_HAL_Driver\Src\stm32f1xx_hal_tim.o
 .text.HAL_TIM_Base_Start
                0x08001398       0x4c Drivers\STM32F1xx_HAL_Driver\Src\stm32f1xx_hal_tim.o
                0x08001398                HAL_TIM_Base_Start
 .text.HAL_TIM_Base_Stop
                0x080013e4       0x28 Drivers\STM32F1xx_HAL_Driver\Src\stm32f1xx_hal_tim.o
                0x080013e4                HAL_TIM_Base_Stop
 .text.HAL_TIM_OC_MspInit
                0x0800140c        0x2 Drivers\STM32F1xx_HAL_Driver\Src\stm32f1xx_hal_tim.o
                0x0800140c                HAL_TIM_OC_MspInit
 .text.HAL_TIM_PWM_MspInit
                0x0800140e        0x2 Drivers\STM32F1xx_HAL_Driver\Src\stm32f1xx_hal_tim.o
                0x0800140e                HAL_TIM_PWM_MspInit
 .text.HAL_TIM_PeriodElapsedCallback
                0x08001410        0x2 Drivers\STM32F1xx_HAL_Driver\Src\stm32f1xx_hal_tim.o
                0x08001410                HAL_TIM_PeriodElapsedCallback
 .text.HAL_TIM_IC_CaptureCallback
                0x08001412        0x2 Drivers\STM32F1xx_HAL_Driver\Src\stm32f1xx_hal_tim.o
                0x08001412                HAL_TIM_IC_CaptureCallback
 .text.HAL_TIM_PWM_PulseFinishedCallback
                0x08001414        0x2 Drivers\STM32F1xx_HAL_Driver\Src\stm32f1xx_hal_tim.o
                0x08001414                HAL_TIM_PWM_PulseFinishedCallback
 .text.HAL_TIM_TriggerCallback
                0x08001416        0x2 Drivers\STM32F1xx_HAL_Driver\Src\stm32f1xx_hal_tim.o
                0x08001416                HAL_TIM_TriggerCallback
 .text.HAL_TIM_IRQHandler
                0x08001418      0x144 Drivers\STM32F1xx_HAL_Driver\Src\stm32f1xx_hal_tim.o
                0x08001418                HAL_TIM_IRQHandler
 .text.TIM_Base_SetConfig
                0x0800155c       0x70 Drivers\STM32F1xx_HAL_Driver\Src\stm32f1xx_hal_tim.o
                0x0800155c                TIM_Base_SetConfig
 .text.HAL_TIM_Base_Init
                0x080015cc       0x58 Drivers\STM32F1xx_HAL_Driver\Src\stm32f1xx_hal_tim.o
                0x080015cc                HAL_TIM_Base_Init
 .text.HAL_TIM_OC_Init
                0x08001624       0x58 Drivers\STM32F1xx_HAL_Driver\Src\stm32f1xx_hal_tim.o
                0x08001624                HAL_TIM_OC_Init
 .text.HAL_TIM_PWM_Init
                0x0800167c       0x58 Drivers\STM32F1xx_HAL_Driver\Src\stm32f1xx_hal_tim.o
                0x0800167c                HAL_TIM_PWM_Init
 .text.TIM_OC2_SetConfig
                0x080016d4       0x58 Drivers\STM32F1xx_HAL_Driver\Src\stm32f1xx_hal_tim.o
                0x080016d4                TIM_OC2_SetConfig
 .text.HAL_TIM_OC_ConfigChannel
                0x0800172c       0x52 Drivers\STM32F1xx_HAL_Driver\Src\stm32f1xx_hal_tim.o
                0x0800172c                HAL_TIM_OC_ConfigChannel
 .text.HAL_TIM_PWM_ConfigChannel
                0x0800177e       0xba Drivers\STM32F1xx_HAL_Driver\Src\stm32f1xx_hal_tim.o
                0x0800177e                HAL_TIM_PWM_ConfigChannel
 .text.TIM_ETR_SetConfig
                0x08001838       0x14 Drivers\STM32F1xx_HAL_Driver\Src\stm32f1xx_hal_tim.o
                0x08001838                TIM_ETR_SetConfig
 .text.HAL_TIM_ConfigClockSource
                0x0800184c      0x128 Drivers\STM32F1xx_HAL_Driver\Src\stm32f1xx_hal_tim.o
                0x0800184c                HAL_TIM_ConfigClockSource
 .text.TIM_CCxChannelCmd
                0x08001974       0x1c Drivers\STM32F1xx_HAL_Driver\Src\stm32f1xx_hal_tim.o
                0x08001974                TIM_CCxChannelCmd
 .text.HAL_TIM_PWM_Start
                0x08001990       0x9c Drivers\STM32F1xx_HAL_Driver\Src\stm32f1xx_hal_tim.o
                0x08001990                HAL_TIM_PWM_Start
 .text.HAL_TIM_PWM_Stop
                0x08001a2c       0x78 Drivers\STM32F1xx_HAL_Driver\Src\stm32f1xx_hal_tim.o
                0x08001a2c                HAL_TIM_PWM_Stop
 .text.HAL_TIM_PWM_Start_IT
                0x08001aa4       0xcc Drivers\STM32F1xx_HAL_Driver\Src\stm32f1xx_hal_tim.o
                0x08001aa4                HAL_TIM_PWM_Start_IT
 .text.HAL_TIM_OC_Start_IT
                0x08001b70        0x4 Drivers\STM32F1xx_HAL_Driver\Src\stm32f1xx_hal_tim.o
                0x08001b70                HAL_TIM_OC_Start_IT
 .text.HAL_TIM_PWM_Stop_IT
                0x08001b74       0xb8 Drivers\STM32F1xx_HAL_Driver\Src\stm32f1xx_hal_tim.o
                0x08001b74                HAL_TIM_PWM_Stop_IT
 .text.HAL_TIM_OC_Stop_IT
                0x08001c2c        0x4 Drivers\STM32F1xx_HAL_Driver\Src\stm32f1xx_hal_tim.o
                0x08001c2c                HAL_TIM_OC_Stop_IT
 .text.HAL_TIMEx_MasterConfigSynchronization
                0x08001c30       0x64 Drivers\STM32F1xx_HAL_Driver\Src\stm32f1xx_hal_tim_ex.o
                0x08001c30                HAL_TIMEx_MasterConfigSynchronization
 .text.HAL_TIMEx_CommutCallback
                0x08001c94        0x2 Drivers\STM32F1xx_HAL_Driver\Src\stm32f1xx_hal_tim_ex.o
                0x08001c94                HAL_TIMEx_CommutCallback
 .text.HAL_TIMEx_BreakCallback
                0x08001c96        0x2 Drivers\STM32F1xx_HAL_Driver\Src\stm32f1xx_hal_tim_ex.o
                0x08001c96                HAL_TIMEx_BreakCallback
 .text.UART_EndRxTransfer
                0x08001c98       0x2c Drivers\STM32F1xx_HAL_Driver\Src\stm32f1xx_hal_uart.o
 .text.UART_SetConfig
                0x08001cc4       0x74 Drivers\STM32F1xx_HAL_Driver\Src\stm32f1xx_hal_uart.o
 .text.UART_WaitOnFlagUntilTimeout.constprop.3
                0x08001d38       0x50 Drivers\STM32F1xx_HAL_Driver\Src\stm32f1xx_hal_uart.o
 .text.HAL_UART_Init
                0x08001d88       0x5c Drivers\STM32F1xx_HAL_Driver\Src\stm32f1xx_hal_uart.o
                0x08001d88                HAL_UART_Init
 .text.HAL_UART_Transmit
                0x08001de4       0xb4 Drivers\STM32F1xx_HAL_Driver\Src\stm32f1xx_hal_uart.o
                0x08001de4                HAL_UART_Transmit
 .text.HAL_UART_TxCpltCallback
                0x08001e98        0x2 Drivers\STM32F1xx_HAL_Driver\Src\stm32f1xx_hal_uart.o
                0x08001e98                HAL_UART_TxCpltCallback
 .text.HAL_UART_ErrorCallback
                0x08001e9a        0x2 Drivers\STM32F1xx_HAL_Driver\Src\stm32f1xx_hal_uart.o
                0x08001e9a                HAL_UART_ErrorCallback
 .text.UART_DMAAbortOnError
                0x08001e9c       0x10 Drivers\STM32F1xx_HAL_Driver\Src\stm32f1xx_hal_uart.o
 .text.HAL_UARTEx_RxEventCallback
                0x08001eac        0x2 Drivers\STM32F1xx_HAL_Driver\Src\stm32f1xx_hal_uart.o
                0x08001eac                HAL_UARTEx_RxEventCallback
 .text.UART_Receive_IT.part.1
                0x08001eae       0x98 Drivers\STM32F1xx_HAL_Driver\Src\stm32f1xx_hal_uart.o
 *fill*         0x08001f46        0x2 
 .text.HAL_UART_IRQHandler
                0x08001f48      0x210 Drivers\STM32F1xx_HAL_Driver\Src\stm32f1xx_hal_uart.o
                0x08001f48                HAL_UART_IRQHandler
 .text.UART_Start_Receive_IT
                0x08002158       0x32 Drivers\STM32F1xx_HAL_Driver\Src\stm32f1xx_hal_uart.o
                0x08002158                UART_Start_Receive_IT
 .text.HAL_UART_Receive_IT
                0x0800218a       0x30 Drivers\STM32F1xx_HAL_Driver\Src\stm32f1xx_hal_uart.o
                0x0800218a                HAL_UART_Receive_IT
 *fill*         0x080021ba        0x2 
 .text.MX_ADC1_Init
                0x080021bc       0x90 Src\adc.o
                0x080021bc                MX_ADC1_Init
 .text.MX_GPIO_Init
                0x0800224c      0x198 Src\gpio.o
                0x0800224c                MX_GPIO_Init
 .text.Motor_Power.part.0
                0x080023e4       0x34 Src\main.o
 .text.__io_putchar
                0x08002418       0x28 Src\main.o
                0x08002418                __io_putchar
 .text.HAL_GPIO_EXTI_Callback
                0x08002440        0x2 Src\main.o
                0x08002440                HAL_GPIO_EXTI_Callback
 *fill*         0x08002442        0x2 
 .text.Motor_Power
                0x08002444       0x44 Src\main.o
                0x08002444                Motor_Power
 .text.Motor_Dir
                0x08002488      0x1c4 Src\main.o
                0x08002488                Motor_Dir
 .text.startup.main
                0x0800264c       0x98 Src\main.o
                0x0800264c                main
 .text.HAL_UART_RxCpltCallback
                0x080026e4      0x4c4 Src\main.o
                0x080026e4                HAL_UART_RxCpltCallback
 .text.HAL_TIM_OC_DelayElapsedCallback
                0x08002ba8      0x238 Src\main.o
                0x08002ba8                HAL_TIM_OC_DelayElapsedCallback
 .text.HAL_MspInit
                0x08002de0       0x54 Src\stm32f1xx_hal_msp.o
                0x08002de0                HAL_MspInit
 .text.HAL_ADC_MspInit
                0x08002e34       0x5c Src\stm32f1xx_hal_msp.o
                0x08002e34                HAL_ADC_MspInit
 .text.HAL_TIM_Base_MspInit
                0x08002e90       0x36 Src\stm32f1xx_hal_msp.o
                0x08002e90                HAL_TIM_Base_MspInit
 *fill*         0x08002ec6        0x2 
 .text.HAL_UART_MspInit
                0x08002ec8       0xc4 Src\stm32f1xx_hal_msp.o
                0x08002ec8                HAL_UART_MspInit
 .text.NMI_Handler
                0x08002f8c        0x2 Src\stm32f1xx_it.o
                0x08002f8c                NMI_Handler
 .text.HardFault_Handler
                0x08002f8e        0x2 Src\stm32f1xx_it.o
                0x08002f8e                HardFault_Handler
 .text.MemManage_Handler
                0x08002f90        0x2 Src\stm32f1xx_it.o
                0x08002f90                MemManage_Handler
 .text.BusFault_Handler
                0x08002f92        0x2 Src\stm32f1xx_it.o
                0x08002f92                BusFault_Handler
 .text.UsageFault_Handler
                0x08002f94        0x2 Src\stm32f1xx_it.o
                0x08002f94                UsageFault_Handler
 .text.SVC_Handler
                0x08002f96        0x2 Src\stm32f1xx_it.o
                0x08002f96                SVC_Handler
 .text.DebugMon_Handler
                0x08002f98        0x2 Src\stm32f1xx_it.o
                0x08002f98                DebugMon_Handler
 .text.PendSV_Handler
                0x08002f9a        0x2 Src\stm32f1xx_it.o
                0x08002f9a                PendSV_Handler
 .text.SysTick_Handler
                0x08002f9c        0x4 Src\stm32f1xx_it.o
                0x08002f9c                SysTick_Handler
 .text.RCC_IRQHandler
                0x08002fa0        0x2 Src\stm32f1xx_it.o
                0x08002fa0                RCC_IRQHandler
 *fill*         0x08002fa2        0x2 
 .text.TIM2_IRQHandler
                0x08002fa4        0xc Src\stm32f1xx_it.o
                0x08002fa4                TIM2_IRQHandler
 .text.TIM4_IRQHandler
                0x08002fb0        0xc Src\stm32f1xx_it.o
                0x08002fb0                TIM4_IRQHandler
 .text.EXTI15_10_IRQHandler
                0x08002fbc        0x8 Src\stm32f1xx_it.o
                0x08002fbc                EXTI15_10_IRQHandler
 .text.EXTI9_5_IRQHandler
                0x08002fc4        0x6 Src\stm32f1xx_it.o
                0x08002fc4                EXTI9_5_IRQHandler
 .text.EXTI0_IRQHandler
                0x08002fca        0x6 Src\stm32f1xx_it.o
                0x08002fca                EXTI0_IRQHandler
 .text.EXTI1_IRQHandler
                0x08002fd0        0x6 Src\stm32f1xx_it.o
                0x08002fd0                EXTI1_IRQHandler
 *fill*         0x08002fd6        0x2 
 .text.USART1_IRQHandler
                0x08002fd8        0xc Src\stm32f1xx_it.o
                0x08002fd8                USART1_IRQHandler
 .text.USART3_IRQHandler
                0x08002fe4        0xc Src\stm32f1xx_it.o
                0x08002fe4                USART3_IRQHandler
 .text._read    0x08002ff0       0x1c Src\syscalls.o
                0x08002ff0                _read
 .text._write   0x0800300c       0x1c Src\syscalls.o
                0x0800300c                _write
 .text._sbrk    0x08003028       0x34 Src\syscalls.o
                0x08003028                _sbrk
 .text._close   0x0800305c        0x6 Src\syscalls.o
                0x0800305c                _close
 .text._fstat   0x08003062        0xa Src\syscalls.o
                0x08003062                _fstat
 .text._isatty  0x0800306c        0x4 Src\syscalls.o
                0x0800306c                _isatty
 .text._lseek   0x08003070        0x4 Src\syscalls.o
                0x08003070                _lseek
 .text.SystemClock_Config
                0x08003074       0x72 Src\sysclk.o
                0x08003074                SystemClock_Config
 .text.SystemInit
                0x080030e6        0x2 Src\system_stm32f1xx.o
                0x080030e6                SystemInit
 .text.MX_TIM2_Init
                0x080030e8      0x148 Src\tim.o
                0x080030e8                MX_TIM2_Init
 .text.MX_TIM4_Init
                0x08003230       0xb0 Src\tim.o
                0x08003230                MX_TIM4_Init
 .text.analogWrite
                0x080032e0       0x22 Src\tim.o
                0x080032e0                analogWrite
 .text.analogWrite_ch1
                0x08003302       0x24 Src\tim.o
                0x08003302                analogWrite_ch1
 .text.analogWrite_ch2
                0x08003326       0x24 Src\tim.o
                0x08003326                analogWrite_ch2
 .text.analogWrite_ch3
                0x0800334a       0x24 Src\tim.o
                0x0800334a                analogWrite_ch3
 .text.analogWrite_ch4
                0x0800336e       0x24 Src\tim.o
                0x0800336e                analogWrite_ch4
 *fill*         0x08003392        0x2 
 .text.MX_USART1_UART_Init
                0x08003394       0xa4 Src\uart.o
                0x08003394                MX_USART1_UART_Init
 .text.MX_USART3_UART_Init
                0x08003438       0xa4 Src\uart.o
                0x08003438                MX_USART3_UART_Init
 .text.Reset_Handler
                0x080034dc       0x48 startup\startup_stm32f103xb.o
                0x080034dc                Reset_Handler
 .text.Default_Handler
                0x08003524        0x2 startup\startup_stm32f103xb.o
                0x08003524                RTC_Alarm_IRQHandler
                0x08003524                EXTI2_IRQHandler
                0x08003524                TIM1_CC_IRQHandler
                0x08003524                PVD_IRQHandler
                0x08003524                EXTI3_IRQHandler
                0x08003524                I2C2_EV_IRQHandler
                0x08003524                ADC1_2_IRQHandler
                0x08003524                SPI1_IRQHandler
                0x08003524                TAMPER_IRQHandler
                0x08003524                DMA1_Channel4_IRQHandler
                0x08003524                RTC_IRQHandler
                0x08003524                DMA1_Channel7_IRQHandler
                0x08003524                CAN1_RX1_IRQHandler
                0x08003524                I2C1_EV_IRQHandler
                0x08003524                DMA1_Channel6_IRQHandler
                0x08003524                TIM3_IRQHandler
                0x08003524                TIM1_TRG_COM_IRQHandler
                0x08003524                DMA1_Channel1_IRQHandler
                0x08003524                Default_Handler
                0x08003524                SPI2_IRQHandler
                0x08003524                DMA1_Channel5_IRQHandler
                0x08003524                EXTI4_IRQHandler
                0x08003524                USB_LP_CAN1_RX0_IRQHandler
                0x08003524                USB_HP_CAN1_TX_IRQHandler
                0x08003524                DMA1_Channel3_IRQHandler
                0x08003524                TIM1_UP_IRQHandler
                0x08003524                WWDG_IRQHandler
                0x08003524                TIM1_BRK_IRQHandler
                0x08003524                USART2_IRQHandler
                0x08003524                I2C2_ER_IRQHandler
                0x08003524                DMA1_Channel2_IRQHandler
                0x08003524                CAN1_SCE_IRQHandler
                0x08003524                FLASH_IRQHandler
                0x08003524                I2C1_ER_IRQHandler
                0x08003524                USBWakeUp_IRQHandler
 .text.atoi     0x08003526        0x8 c:/program files (x86)/atollic/truestudio for stm32 9.3.0/armtools/bin/../lib/gcc/arm-atollic-eabi/6.3.1/../../../../arm-atollic-eabi/lib/armv7-m\libc_nano.a(lib_a-atoi.o)
                0x08003526                atoi
 *fill*         0x0800352e        0x2 
 .text.__errno  0x08003530        0xc c:/program files (x86)/atollic/truestudio for stm32 9.3.0/armtools/bin/../lib/gcc/arm-atollic-eabi/6.3.1/../../../../arm-atollic-eabi/lib/armv7-m\libc_nano.a(lib_a-errno.o)
                0x08003530                __errno
 .text.__libc_init_array
                0x0800353c       0x48 c:/program files (x86)/atollic/truestudio for stm32 9.3.0/armtools/bin/../lib/gcc/arm-atollic-eabi/6.3.1/../../../../arm-atollic-eabi/lib/armv7-m\libc_nano.a(lib_a-init.o)
                0x0800353c                __libc_init_array
 .text.memset   0x08003584       0x10 c:/program files (x86)/atollic/truestudio for stm32 9.3.0/armtools/bin/../lib/gcc/arm-atollic-eabi/6.3.1/../../../../arm-atollic-eabi/lib/armv7-m\libc_nano.a(lib_a-memset.o)
                0x08003584                memset
 .text.printf   0x08003594       0x30 c:/program files (x86)/atollic/truestudio for stm32 9.3.0/armtools/bin/../lib/gcc/arm-atollic-eabi/6.3.1/../../../../arm-atollic-eabi/lib/armv7-m\libc_nano.a(lib_a-printf.o)
                0x08003594                iprintf
                0x08003594                printf
 .text._puts_r  0x080035c4       0xb8 c:/program files (x86)/atollic/truestudio for stm32 9.3.0/armtools/bin/../lib/gcc/arm-atollic-eabi/6.3.1/../../../../arm-atollic-eabi/lib/armv7-m\libc_nano.a(lib_a-puts.o)
                0x080035c4                _puts_r
 .text.puts     0x0800367c       0x10 c:/program files (x86)/atollic/truestudio for stm32 9.3.0/armtools/bin/../lib/gcc/arm-atollic-eabi/6.3.1/../../../../arm-atollic-eabi/lib/armv7-m\libc_nano.a(lib_a-puts.o)
                0x0800367c                puts
 .text._strtol_l.isra.0
                0x0800368c      0x100 c:/program files (x86)/atollic/truestudio for stm32 9.3.0/armtools/bin/../lib/gcc/arm-atollic-eabi/6.3.1/../../../../arm-atollic-eabi/lib/armv7-m\libc_nano.a(lib_a-strtol.o)
 .text.strtol   0x0800378c       0x2c c:/program files (x86)/atollic/truestudio for stm32 9.3.0/armtools/bin/../lib/gcc/arm-atollic-eabi/6.3.1/../../../../arm-atollic-eabi/lib/armv7-m\libc_nano.a(lib_a-strtol.o)
                0x0800378c                strtol
 .text.__swbuf_r
                0x080037b8       0xa4 c:/program files (x86)/atollic/truestudio for stm32 9.3.0/armtools/bin/../lib/gcc/arm-atollic-eabi/6.3.1/../../../../arm-atollic-eabi/lib/armv7-m\libc_nano.a(lib_a-wbuf.o)
                0x080037b8                __swbuf_r
 .text.__swsetup_r
                0x0800385c       0xdc c:/program files (x86)/atollic/truestudio for stm32 9.3.0/armtools/bin/../lib/gcc/arm-atollic-eabi/6.3.1/../../../../arm-atollic-eabi/lib/armv7-m\libc_nano.a(lib_a-wsetup.o)
                0x0800385c                __swsetup_r
 .text.__sflush_r
                0x08003938      0x110 c:/program files (x86)/atollic/truestudio for stm32 9.3.0/armtools/bin/../lib/gcc/arm-atollic-eabi/6.3.1/../../../../arm-atollic-eabi/lib/armv7-m\libc_nano.a(lib_a-fflush.o)
                0x08003938                __sflush_r
 .text._fflush_r
                0x08003a48       0x54 c:/program files (x86)/atollic/truestudio for stm32 9.3.0/armtools/bin/../lib/gcc/arm-atollic-eabi/6.3.1/../../../../arm-atollic-eabi/lib/armv7-m\libc_nano.a(lib_a-fflush.o)
                0x08003a48                _fflush_r
 .text._cleanup_r
                0x08003a9c        0xc c:/program files (x86)/atollic/truestudio for stm32 9.3.0/armtools/bin/../lib/gcc/arm-atollic-eabi/6.3.1/../../../../arm-atollic-eabi/lib/armv7-m\libc_nano.a(lib_a-findfp.o)
                0x08003a9c                _cleanup_r
 .text.std.isra.0
                0x08003aa8       0x48 c:/program files (x86)/atollic/truestudio for stm32 9.3.0/armtools/bin/../lib/gcc/arm-atollic-eabi/6.3.1/../../../../arm-atollic-eabi/lib/armv7-m\libc_nano.a(lib_a-findfp.o)
 .text.__sfmoreglue
                0x08003af0       0x2c c:/program files (x86)/atollic/truestudio for stm32 9.3.0/armtools/bin/../lib/gcc/arm-atollic-eabi/6.3.1/../../../../arm-atollic-eabi/lib/armv7-m\libc_nano.a(lib_a-findfp.o)
                0x08003af0                __sfmoreglue
 .text.__sinit  0x08003b1c       0x60 c:/program files (x86)/atollic/truestudio for stm32 9.3.0/armtools/bin/../lib/gcc/arm-atollic-eabi/6.3.1/../../../../arm-atollic-eabi/lib/armv7-m\libc_nano.a(lib_a-findfp.o)
                0x08003b1c                __sinit
 .text.__sfp    0x08003b7c       0x78 c:/program files (x86)/atollic/truestudio for stm32 9.3.0/armtools/bin/../lib/gcc/arm-atollic-eabi/6.3.1/../../../../arm-atollic-eabi/lib/armv7-m\libc_nano.a(lib_a-findfp.o)
                0x08003b7c                __sfp
 .text._fwalk_reent
                0x08003bf4       0x3c c:/program files (x86)/atollic/truestudio for stm32 9.3.0/armtools/bin/../lib/gcc/arm-atollic-eabi/6.3.1/../../../../arm-atollic-eabi/lib/armv7-m\libc_nano.a(lib_a-fwalk.o)
                0x08003bf4                _fwalk_reent
 .text.__locale_ctype_ptr_l
                0x08003c30        0x6 c:/program files (x86)/atollic/truestudio for stm32 9.3.0/armtools/bin/../lib/gcc/arm-atollic-eabi/6.3.1/../../../../arm-atollic-eabi/lib/armv7-m\libc_nano.a(lib_a-locale.o)
                0x08003c30                __locale_ctype_ptr_l
 .text.__swhatbuf_r
                0x08003c36       0x48 c:/program files (x86)/atollic/truestudio for stm32 9.3.0/armtools/bin/../lib/gcc/arm-atollic-eabi/6.3.1/../../../../arm-atollic-eabi/lib/armv7-m\libc_nano.a(lib_a-makebuf.o)
                0x08003c36                __swhatbuf_r
 *fill*         0x08003c7e        0x2 
 .text.__smakebuf_r
                0x08003c80       0x80 c:/program files (x86)/atollic/truestudio for stm32 9.3.0/armtools/bin/../lib/gcc/arm-atollic-eabi/6.3.1/../../../../arm-atollic-eabi/lib/armv7-m\libc_nano.a(lib_a-makebuf.o)
                0x08003c80                __smakebuf_r
 .text.__ascii_mbtowc
                0x08003d00       0x24 c:/program files (x86)/atollic/truestudio for stm32 9.3.0/armtools/bin/../lib/gcc/arm-atollic-eabi/6.3.1/../../../../arm-atollic-eabi/lib/armv7-m\libc_nano.a(lib_a-mbtowc_r.o)
                0x08003d00                __ascii_mbtowc
 .text._free_r  0x08003d24       0x98 c:/program files (x86)/atollic/truestudio for stm32 9.3.0/armtools/bin/../lib/gcc/arm-atollic-eabi/6.3.1/../../../../arm-atollic-eabi/lib/armv7-m\libc_nano.a(lib_a-nano-freer.o)
                0x08003d24                _free_r
 .text._malloc_r
                0x08003dbc       0xbc c:/program files (x86)/atollic/truestudio for stm32 9.3.0/armtools/bin/../lib/gcc/arm-atollic-eabi/6.3.1/../../../../arm-atollic-eabi/lib/armv7-m\libc_nano.a(lib_a-nano-mallocr.o)
                0x08003dbc                _malloc_r
 .text.__sfputc_r
                0x08003e78       0x2c c:/program files (x86)/atollic/truestudio for stm32 9.3.0/armtools/bin/../lib/gcc/arm-atollic-eabi/6.3.1/../../../../arm-atollic-eabi/lib/armv7-m\libc_nano.a(lib_a-nano-vfprintf.o)
 .text.__sfputs_r
                0x08003ea4       0x24 c:/program files (x86)/atollic/truestudio for stm32 9.3.0/armtools/bin/../lib/gcc/arm-atollic-eabi/6.3.1/../../../../arm-atollic-eabi/lib/armv7-m\libc_nano.a(lib_a-nano-vfprintf.o)
                0x08003ea4                __sfputs_r
 .text._vfprintf_r
                0x08003ec8      0x22c c:/program files (x86)/atollic/truestudio for stm32 9.3.0/armtools/bin/../lib/gcc/arm-atollic-eabi/6.3.1/../../../../arm-atollic-eabi/lib/armv7-m\libc_nano.a(lib_a-nano-vfprintf.o)
                0x08003ec8                _vfprintf_r
                0x08003ec8                _vfiprintf_r
 .text._printf_common
                0x080040f4       0xee c:/program files (x86)/atollic/truestudio for stm32 9.3.0/armtools/bin/../lib/gcc/arm-atollic-eabi/6.3.1/../../../../arm-atollic-eabi/lib/armv7-m\libc_nano.a(lib_a-nano-vfprintf_i.o)
                0x080040f4                _printf_common
 *fill*         0x080041e2        0x2 
 .text._printf_i
                0x080041e4      0x240 c:/program files (x86)/atollic/truestudio for stm32 9.3.0/armtools/bin/../lib/gcc/arm-atollic-eabi/6.3.1/../../../../arm-atollic-eabi/lib/armv7-m\libc_nano.a(lib_a-nano-vfprintf_i.o)
                0x080041e4                _printf_i
 .text._sbrk_r  0x08004424       0x20 c:/program files (x86)/atollic/truestudio for stm32 9.3.0/armtools/bin/../lib/gcc/arm-atollic-eabi/6.3.1/../../../../arm-atollic-eabi/lib/armv7-m\libc_nano.a(lib_a-sbrkr.o)
                0x08004424                _sbrk_r
 .text.__sread  0x08004444       0x22 c:/program files (x86)/atollic/truestudio for stm32 9.3.0/armtools/bin/../lib/gcc/arm-atollic-eabi/6.3.1/../../../../arm-atollic-eabi/lib/armv7-m\libc_nano.a(lib_a-stdio.o)
                0x08004444                __sread
 .text.__swrite
                0x08004466       0x38 c:/program files (x86)/atollic/truestudio for stm32 9.3.0/armtools/bin/../lib/gcc/arm-atollic-eabi/6.3.1/../../../../arm-atollic-eabi/lib/armv7-m\libc_nano.a(lib_a-stdio.o)
                0x08004466                __swrite
 .text.__sseek  0x0800449e       0x24 c:/program files (x86)/atollic/truestudio for stm32 9.3.0/armtools/bin/../lib/gcc/arm-atollic-eabi/6.3.1/../../../../arm-atollic-eabi/lib/armv7-m\libc_nano.a(lib_a-stdio.o)
                0x0800449e                __sseek
 .text.__sclose
                0x080044c2        0x8 c:/program files (x86)/atollic/truestudio for stm32 9.3.0/armtools/bin/../lib/gcc/arm-atollic-eabi/6.3.1/../../../../arm-atollic-eabi/lib/armv7-m\libc_nano.a(lib_a-stdio.o)
                0x080044c2                __sclose
 .text.__ascii_wctomb
                0x080044ca       0x1a c:/program files (x86)/atollic/truestudio for stm32 9.3.0/armtools/bin/../lib/gcc/arm-atollic-eabi/6.3.1/../../../../arm-atollic-eabi/lib/armv7-m\libc_nano.a(lib_a-wctomb_r.o)
                0x080044ca                __ascii_wctomb
 .text._write_r
                0x080044e4       0x24 c:/program files (x86)/atollic/truestudio for stm32 9.3.0/armtools/bin/../lib/gcc/arm-atollic-eabi/6.3.1/../../../../arm-atollic-eabi/lib/armv7-m\libc_nano.a(lib_a-writer.o)
                0x080044e4                _write_r
 .text._close_r
                0x08004508       0x20 c:/program files (x86)/atollic/truestudio for stm32 9.3.0/armtools/bin/../lib/gcc/arm-atollic-eabi/6.3.1/../../../../arm-atollic-eabi/lib/armv7-m\libc_nano.a(lib_a-closer.o)
                0x08004508                _close_r
 .text._fstat_r
                0x08004528       0x24 c:/program files (x86)/atollic/truestudio for stm32 9.3.0/armtools/bin/../lib/gcc/arm-atollic-eabi/6.3.1/../../../../arm-atollic-eabi/lib/armv7-m\libc_nano.a(lib_a-fstatr.o)
                0x08004528                _fstat_r
 .text._isatty_r
                0x0800454c       0x20 c:/program files (x86)/atollic/truestudio for stm32 9.3.0/armtools/bin/../lib/gcc/arm-atollic-eabi/6.3.1/../../../../arm-atollic-eabi/lib/armv7-m\libc_nano.a(lib_a-isattyr.o)
                0x0800454c                _isatty_r
 .text._lseek_r
                0x0800456c       0x24 c:/program files (x86)/atollic/truestudio for stm32 9.3.0/armtools/bin/../lib/gcc/arm-atollic-eabi/6.3.1/../../../../arm-atollic-eabi/lib/armv7-m\libc_nano.a(lib_a-lseekr.o)
                0x0800456c                _lseek_r
 .text.memchr   0x08004590       0x1c c:/program files (x86)/atollic/truestudio for stm32 9.3.0/armtools/bin/../lib/gcc/arm-atollic-eabi/6.3.1/../../../../arm-atollic-eabi/lib/armv7-m\libc_nano.a(lib_a-memchr-stub.o)
                0x08004590                memchr
 .text.__malloc_lock
                0x080045ac        0x2 c:/program files (x86)/atollic/truestudio for stm32 9.3.0/armtools/bin/../lib/gcc/arm-atollic-eabi/6.3.1/../../../../arm-atollic-eabi/lib/armv7-m\libc_nano.a(lib_a-mlock.o)
                0x080045ac                __malloc_lock
 .text.__malloc_unlock
                0x080045ae        0x2 c:/program files (x86)/atollic/truestudio for stm32 9.3.0/armtools/bin/../lib/gcc/arm-atollic-eabi/6.3.1/../../../../arm-atollic-eabi/lib/armv7-m\libc_nano.a(lib_a-mlock.o)
                0x080045ae                __malloc_unlock
 .text._read_r  0x080045b0       0x24 c:/program files (x86)/atollic/truestudio for stm32 9.3.0/armtools/bin/../lib/gcc/arm-atollic-eabi/6.3.1/../../../../arm-atollic-eabi/lib/armv7-m\libc_nano.a(lib_a-readr.o)
                0x080045b0                _read_r
 *(.glue_7)
 .glue_7        0x080045d4        0x0 linker stubs
 *(.glue_7t)
 .glue_7t       0x080045d4        0x0 linker stubs
 *(.eh_frame)
 .eh_frame      0x080045d4        0x0 c:/program files (x86)/atollic/truestudio for stm32 9.3.0/armtools/bin/../lib/gcc/arm-atollic-eabi/6.3.1/armv7-m/crtbegin.o
 *(.init)
 .init          0x080045d4        0x4 c:/program files (x86)/atollic/truestudio for stm32 9.3.0/armtools/bin/../lib/gcc/arm-atollic-eabi/6.3.1/armv7-m/crti.o
                0x080045d4                _init
 .init          0x080045d8        0x8 c:/program files (x86)/atollic/truestudio for stm32 9.3.0/armtools/bin/../lib/gcc/arm-atollic-eabi/6.3.1/armv7-m/crtn.o
 *(.fini)
 .fini          0x080045e0        0x4 c:/program files (x86)/atollic/truestudio for stm32 9.3.0/armtools/bin/../lib/gcc/arm-atollic-eabi/6.3.1/armv7-m/crti.o
                0x080045e0                _fini
 .fini          0x080045e4        0x8 c:/program files (x86)/atollic/truestudio for stm32 9.3.0/armtools/bin/../lib/gcc/arm-atollic-eabi/6.3.1/armv7-m/crtn.o
                0x080045ec                . = ALIGN (0x4)
                0x080045ec                _etext = .

.vfp11_veneer   0x080045ec        0x0
 .vfp11_veneer  0x080045ec        0x0 linker stubs

.v4_bx          0x080045ec        0x0
 .v4_bx         0x080045ec        0x0 linker stubs

.iplt           0x080045ec        0x0
 .iplt          0x080045ec        0x0 c:/program files (x86)/atollic/truestudio for stm32 9.3.0/armtools/bin/../lib/gcc/arm-atollic-eabi/6.3.1/armv7-m/crtbegin.o

.rodata         0x080045ec      0x2dc
                0x080045ec                . = ALIGN (0x4)
 *(.rodata)
 .rodata        0x080045ec       0x10 Drivers\STM32F1xx_HAL_Driver\Src\stm32f1xx_hal_rcc.o
 .rodata        0x080045fc       0x10 Drivers\STM32F1xx_HAL_Driver\Src\stm32f1xx_hal_rcc_ex.o
 *(.rodata*)
 .rodata.HAL_UART_RxCpltCallback.str1.1
                0x0800460c      0x104 Src\main.o
                                0x118 (size before relaxing)
 .rodata.AHBPrescTable
                0x08004710       0x10 Src\system_stm32f1xx.o
                0x08004710                AHBPrescTable
 .rodata.APBPrescTable
                0x08004720        0x8 Src\system_stm32f1xx.o
                0x08004720                APBPrescTable
 .rodata._global_impure_ptr
                0x08004728        0x4 c:/program files (x86)/atollic/truestudio for stm32 9.3.0/armtools/bin/../lib/gcc/arm-atollic-eabi/6.3.1/../../../../arm-atollic-eabi/lib/armv7-m\libc_nano.a(lib_a-impure.o)
                0x08004728                _global_impure_ptr
 .rodata.__sf_fake_stderr
                0x0800472c       0x20 c:/program files (x86)/atollic/truestudio for stm32 9.3.0/armtools/bin/../lib/gcc/arm-atollic-eabi/6.3.1/../../../../arm-atollic-eabi/lib/armv7-m\libc_nano.a(lib_a-findfp.o)
                0x0800472c                __sf_fake_stderr
 .rodata.__sf_fake_stdin
                0x0800474c       0x20 c:/program files (x86)/atollic/truestudio for stm32 9.3.0/armtools/bin/../lib/gcc/arm-atollic-eabi/6.3.1/../../../../arm-atollic-eabi/lib/armv7-m\libc_nano.a(lib_a-findfp.o)
                0x0800474c                __sf_fake_stdin
 .rodata.__sf_fake_stdout
                0x0800476c       0x20 c:/program files (x86)/atollic/truestudio for stm32 9.3.0/armtools/bin/../lib/gcc/arm-atollic-eabi/6.3.1/../../../../arm-atollic-eabi/lib/armv7-m\libc_nano.a(lib_a-findfp.o)
                0x0800476c                __sf_fake_stdout
 .rodata._setlocale_r.str1.1
                0x0800478c        0x6 c:/program files (x86)/atollic/truestudio for stm32 9.3.0/armtools/bin/../lib/gcc/arm-atollic-eabi/6.3.1/../../../../arm-atollic-eabi/lib/armv7-m\libc_nano.a(lib_a-locale.o)
                                  0x9 (size before relaxing)
 .rodata.str1.1
                0x08004792        0x2 c:/program files (x86)/atollic/truestudio for stm32 9.3.0/armtools/bin/../lib/gcc/arm-atollic-eabi/6.3.1/../../../../arm-atollic-eabi/lib/armv7-m\libc_nano.a(lib_a-locale.o)
 .rodata._vfprintf_r.str1.1
                0x08004794       0x11 c:/program files (x86)/atollic/truestudio for stm32 9.3.0/armtools/bin/../lib/gcc/arm-atollic-eabi/6.3.1/../../../../arm-atollic-eabi/lib/armv7-m\libc_nano.a(lib_a-nano-vfprintf.o)
 .rodata._printf_i.str1.1
                0x080047a5       0x22 c:/program files (x86)/atollic/truestudio for stm32 9.3.0/armtools/bin/../lib/gcc/arm-atollic-eabi/6.3.1/../../../../arm-atollic-eabi/lib/armv7-m\libc_nano.a(lib_a-nano-vfprintf_i.o)
 .rodata._ctype_
                0x080047c7      0x101 c:/program files (x86)/atollic/truestudio for stm32 9.3.0/armtools/bin/../lib/gcc/arm-atollic-eabi/6.3.1/../../../../arm-atollic-eabi/lib/armv7-m\libc_nano.a(lib_a-ctype_.o)
                0x080047c7                _ctype_
                0x080048c8                . = ALIGN (0x4)

.rel.dyn        0x080048c8        0x0
 .rel.iplt      0x080048c8        0x0 c:/program files (x86)/atollic/truestudio for stm32 9.3.0/armtools/bin/../lib/gcc/arm-atollic-eabi/6.3.1/armv7-m/crtbegin.o

.ARM.extab
 *(.ARM.extab* .gnu.linkonce.armextab.*)

.ARM            0x080048c8        0x0
                0x080048c8                __exidx_start = .
 *(.ARM.exidx*)
                0x080048c8                __exidx_end = .

.preinit_array  0x080048c8        0x0
                0x080048c8                PROVIDE (__preinit_array_start, .)
 *(.preinit_array*)
                0x080048c8                PROVIDE (__preinit_array_end, .)

.init_array     0x080048c8        0x4
                0x080048c8                PROVIDE (__init_array_start, .)
 *(SORT(.init_array.*))
 *(.init_array*)
 .init_array    0x080048c8        0x4 c:/program files (x86)/atollic/truestudio for stm32 9.3.0/armtools/bin/../lib/gcc/arm-atollic-eabi/6.3.1/armv7-m/crtbegin.o
                0x080048cc                PROVIDE (__init_array_end, .)

.fini_array     0x080048cc        0x4
                [!provide]                PROVIDE (__fini_array_start, .)
 *(SORT(.fini_array.*))
 *(.fini_array*)
 .fini_array    0x080048cc        0x4 c:/program files (x86)/atollic/truestudio for stm32 9.3.0/armtools/bin/../lib/gcc/arm-atollic-eabi/6.3.1/armv7-m/crtbegin.o
                [!provide]                PROVIDE (__fini_array_end, .)
                0x080048d0                _sidata = LOADADDR (.data)

.data           0x20000000      0x1e0 load address 0x080048d0
                0x20000000                . = ALIGN (0x4)
                0x20000000                _sdata = .
 *(.data)
 *(.data*)
 .data.uwTickFreq
                0x20000000        0x1 Drivers\STM32F1xx_HAL_Driver\Src\stm32f1xx_hal.o
                0x20000000                uwTickFreq
 *fill*         0x20000001        0x3 
 .data.uwTickPrio
                0x20000004        0x4 Drivers\STM32F1xx_HAL_Driver\Src\stm32f1xx_hal.o
                0x20000004                uwTickPrio
 .data.Dial_Mode_Flag
                0x20000008        0x1 Src\main.o
                0x20000008                Dial_Mode_Flag
 .data.TIM4_FLAG
                0x20000009        0x1 Src\main.o
                0x20000009                TIM4_FLAG
 .data.scroll_flag
                0x2000000a        0x1 Src\main.o
                0x2000000a                scroll_flag
 *fill*         0x2000000b        0x1 
 .data.SystemCoreClock
                0x2000000c        0x4 Src\system_stm32f1xx.o
                0x2000000c                SystemCoreClock
 .data._impure_ptr
                0x20000010        0x4 c:/program files (x86)/atollic/truestudio for stm32 9.3.0/armtools/bin/../lib/gcc/arm-atollic-eabi/6.3.1/../../../../arm-atollic-eabi/lib/armv7-m\libc_nano.a(lib_a-impure.o)
                0x20000010                _impure_ptr
 .data.impure_data
                0x20000014       0x60 c:/program files (x86)/atollic/truestudio for stm32 9.3.0/armtools/bin/../lib/gcc/arm-atollic-eabi/6.3.1/../../../../arm-atollic-eabi/lib/armv7-m\libc_nano.a(lib_a-impure.o)
 .data.__global_locale
                0x20000074      0x16c c:/program files (x86)/atollic/truestudio for stm32 9.3.0/armtools/bin/../lib/gcc/arm-atollic-eabi/6.3.1/../../../../arm-atollic-eabi/lib/armv7-m\libc_nano.a(lib_a-locale.o)
                0x20000074                __global_locale
                0x200001e0                . = ALIGN (0x4)
                0x200001e0                _edata = .

.igot.plt       0x200001e0        0x0 load address 0x08004ab0
 .igot.plt      0x200001e0        0x0 c:/program files (x86)/atollic/truestudio for stm32 9.3.0/armtools/bin/../lib/gcc/arm-atollic-eabi/6.3.1/armv7-m/crtbegin.o
                0x200001e0                . = ALIGN (0x4)

.bss            0x200001e0      0x8b4 load address 0x08004ab0
                0x200001e0                _sbss = .
                0x200001e0                __bss_start__ = _sbss
 *(.bss)
 .bss           0x200001e0       0x1c c:/program files (x86)/atollic/truestudio for stm32 9.3.0/armtools/bin/../lib/gcc/arm-atollic-eabi/6.3.1/armv7-m/crtbegin.o
 *(.bss*)
 .bss.Motor_Power_Flag
                0x200001fc        0x1 Src\main.o
                0x200001fc                Motor_Power_Flag
 .bss.PWM_CH1_FLAG
                0x200001fd        0x1 Src\main.o
                0x200001fd                PWM_CH1_FLAG
 .bss.PWM_CH2_FLAG
                0x200001fe        0x1 Src\main.o
                0x200001fe                PWM_CH2_FLAG
 .bss.PWM_CH3_FLAG
                0x200001ff        0x1 Src\main.o
                0x200001ff                PWM_CH3_FLAG
 .bss.PWM_CH4_FLAG
                0x20000200        0x1 Src\main.o
                0x20000200                PWM_CH4_FLAG
 .bss.SW1_CNT   0x20000201        0x1 Src\main.o
                0x20000201                SW1_CNT
 .bss.SW2_CNT   0x20000202        0x1 Src\main.o
                0x20000202                SW2_CNT
 .bss.SW3_CNT   0x20000203        0x1 Src\main.o
                0x20000203                SW3_CNT
 .bss.SW4_CNT   0x20000204        0x1 Src\main.o
                0x20000204                SW4_CNT
 .bss.serial_flag
                0x20000205        0x1 Src\main.o
                0x20000205                serial_flag
 *fill*         0x20000206        0x2 
 .bss.heap_end.5887
                0x20000208        0x4 Src\syscalls.o
 .bss.__malloc_free_list
                0x2000020c        0x4 c:/program files (x86)/atollic/truestudio for stm32 9.3.0/armtools/bin/../lib/gcc/arm-atollic-eabi/6.3.1/../../../../arm-atollic-eabi/lib/armv7-m\libc_nano.a(lib_a-nano-mallocr.o)
                0x2000020c                __malloc_free_list
 .bss.__malloc_sbrk_start
                0x20000210        0x4 c:/program files (x86)/atollic/truestudio for stm32 9.3.0/armtools/bin/../lib/gcc/arm-atollic-eabi/6.3.1/../../../../arm-atollic-eabi/lib/armv7-m\libc_nano.a(lib_a-nano-mallocr.o)
                0x20000210                __malloc_sbrk_start
 *(COMMON)
 COMMON         0x20000214        0x4 Drivers\STM32F1xx_HAL_Driver\Src\stm32f1xx_hal.o
                0x20000214                uwTick
 COMMON         0x20000218       0x30 Src\adc.o
                0x20000218                hadc1
 COMMON         0x20000248      0x845 Src\main.o
                0x20000248                SW3_STATE
                0x2000024c                ch1_pwm_resolution
                0x20000250                htim4
                0x20000298                huart3
                0x200002dc                uart1
                0x200004e0                ch3_pwm_resolution
                0x200004e4                pwm_resolution
                0x200004e8                adc_resolution
                0x200004ec                ch4_pwm_resolution
                0x200004f0                selection
                0x200004f4                ch2_pwm_resolution
                0x200004f8                uart3
                0x200009fc                huart1
                0x20000a40                SW2_STATE
                0x20000a41                SW4_STATE
                0x20000a44                htim2
                0x20000a8c                SW1_STATE
 *fill*         0x20000a8d        0x3 
 COMMON         0x20000a90        0x4 c:/program files (x86)/atollic/truestudio for stm32 9.3.0/armtools/bin/../lib/gcc/arm-atollic-eabi/6.3.1/../../../../arm-atollic-eabi/lib/armv7-m\libc_nano.a(lib_a-reent.o)
                0x20000a90                errno
                0x20000a94                . = ALIGN (0x4)
                0x20000a94                _ebss = .
                0x20000a94                __bss_end__ = _ebss

._user_heap_stack
                0x20000a94      0x600 load address 0x08004ab0
                0x20000a94                . = ALIGN (0x4)
                0x20000a94                PROVIDE (end, .)
                [!provide]                PROVIDE (_end, .)
                0x20000c94                . = (. + _Min_Heap_Size)
 *fill*         0x20000a94      0x200 
                0x20001094                . = (. + _Min_Stack_Size)
 *fill*         0x20000c94      0x400 
                0x20001094                . = ALIGN (0x4)

/DISCARD/
 libc.a(*)
 libm.a(*)
 libgcc.a(*)

.ARM.attributes
                0x00000000       0x29
 *(.ARM.attributes)
 .ARM.attributes
                0x00000000       0x1d c:/program files (x86)/atollic/truestudio for stm32 9.3.0/armtools/bin/../lib/gcc/arm-atollic-eabi/6.3.1/armv7-m/crti.o
 .ARM.attributes
                0x0000001d       0x2d c:/program files (x86)/atollic/truestudio for stm32 9.3.0/armtools/bin/../lib/gcc/arm-atollic-eabi/6.3.1/armv7-m/crtbegin.o
 .ARM.attributes
                0x0000004a       0x33 Drivers\STM32F1xx_HAL_Driver\Src\stm32f1xx_hal.o
 .ARM.attributes
                0x0000007d       0x33 Drivers\STM32F1xx_HAL_Driver\Src\stm32f1xx_hal_adc.o
 .ARM.attributes
                0x000000b0       0x33 Drivers\STM32F1xx_HAL_Driver\Src\stm32f1xx_hal_adc_ex.o
 .ARM.attributes
                0x000000e3       0x33 Drivers\STM32F1xx_HAL_Driver\Src\stm32f1xx_hal_cortex.o
 .ARM.attributes
                0x00000116       0x33 Drivers\STM32F1xx_HAL_Driver\Src\stm32f1xx_hal_dma.o
 .ARM.attributes
                0x00000149       0x33 Drivers\STM32F1xx_HAL_Driver\Src\stm32f1xx_hal_gpio.o
 .ARM.attributes
                0x0000017c       0x33 Drivers\STM32F1xx_HAL_Driver\Src\stm32f1xx_hal_rcc.o
 .ARM.attributes
                0x000001af       0x33 Drivers\STM32F1xx_HAL_Driver\Src\stm32f1xx_hal_rcc_ex.o
 .ARM.attributes
                0x000001e2       0x33 Drivers\STM32F1xx_HAL_Driver\Src\stm32f1xx_hal_tim.o
 .ARM.attributes
                0x00000215       0x33 Drivers\STM32F1xx_HAL_Driver\Src\stm32f1xx_hal_tim_ex.o
 .ARM.attributes
                0x00000248       0x33 Drivers\STM32F1xx_HAL_Driver\Src\stm32f1xx_hal_uart.o
 .ARM.attributes
                0x0000027b       0x33 Src\adc.o
 .ARM.attributes
                0x000002ae       0x33 Src\gpio.o
 .ARM.attributes
                0x000002e1       0x33 Src\main.o
 .ARM.attributes
                0x00000314       0x33 Src\stm32f1xx_hal_msp.o
 .ARM.attributes
                0x00000347       0x33 Src\stm32f1xx_it.o
 .ARM.attributes
                0x0000037a       0x33 Src\syscalls.o
 .ARM.attributes
                0x000003ad       0x33 Src\sysclk.o
 .ARM.attributes
                0x000003e0       0x33 Src\system_stm32f1xx.o
 .ARM.attributes
                0x00000413       0x33 Src\tim.o
 .ARM.attributes
                0x00000446       0x33 Src\uart.o
 .ARM.attributes
                0x00000479       0x21 startup\startup_stm32f103xb.o
 .ARM.attributes
                0x0000049a       0x2d c:/program files (x86)/atollic/truestudio for stm32 9.3.0/armtools/bin/../lib/gcc/arm-atollic-eabi/6.3.1/../../../../arm-atollic-eabi/lib/armv7-m\libc_nano.a(lib_a-atoi.o)
 .ARM.attributes
                0x000004c7       0x2d c:/program files (x86)/atollic/truestudio for stm32 9.3.0/armtools/bin/../lib/gcc/arm-atollic-eabi/6.3.1/../../../../arm-atollic-eabi/lib/armv7-m\libc_nano.a(lib_a-errno.o)
 .ARM.attributes
                0x000004f4       0x2d c:/program files (x86)/atollic/truestudio for stm32 9.3.0/armtools/bin/../lib/gcc/arm-atollic-eabi/6.3.1/../../../../arm-atollic-eabi/lib/armv7-m\libc_nano.a(lib_a-impure.o)
 .ARM.attributes
                0x00000521       0x2d c:/program files (x86)/atollic/truestudio for stm32 9.3.0/armtools/bin/../lib/gcc/arm-atollic-eabi/6.3.1/../../../../arm-atollic-eabi/lib/armv7-m\libc_nano.a(lib_a-init.o)
 .ARM.attributes
                0x0000054e       0x2d c:/program files (x86)/atollic/truestudio for stm32 9.3.0/armtools/bin/../lib/gcc/arm-atollic-eabi/6.3.1/../../../../arm-atollic-eabi/lib/armv7-m\libc_nano.a(lib_a-memset.o)
 .ARM.attributes
                0x0000057b       0x2d c:/program files (x86)/atollic/truestudio for stm32 9.3.0/armtools/bin/../lib/gcc/arm-atollic-eabi/6.3.1/../../../../arm-atollic-eabi/lib/armv7-m\libc_nano.a(lib_a-printf.o)
 .ARM.attributes
                0x000005a8       0x2d c:/program files (x86)/atollic/truestudio for stm32 9.3.0/armtools/bin/../lib/gcc/arm-atollic-eabi/6.3.1/../../../../arm-atollic-eabi/lib/armv7-m\libc_nano.a(lib_a-puts.o)
 .ARM.attributes
                0x000005d5       0x1b c:/program files (x86)/atollic/truestudio for stm32 9.3.0/armtools/bin/../lib/gcc/arm-atollic-eabi/6.3.1/../../../../arm-atollic-eabi/lib/armv7-m\libc_nano.a(lib_a-strcmp.o)
 .ARM.attributes
                0x000005f0       0x2d c:/program files (x86)/atollic/truestudio for stm32 9.3.0/armtools/bin/../lib/gcc/arm-atollic-eabi/6.3.1/../../../../arm-atollic-eabi/lib/armv7-m\libc_nano.a(lib_a-strtol.o)
 .ARM.attributes
                0x0000061d       0x2d c:/program files (x86)/atollic/truestudio for stm32 9.3.0/armtools/bin/../lib/gcc/arm-atollic-eabi/6.3.1/../../../../arm-atollic-eabi/lib/armv7-m\libc_nano.a(lib_a-wbuf.o)
 .ARM.attributes
                0x0000064a       0x2d c:/program files (x86)/atollic/truestudio for stm32 9.3.0/armtools/bin/../lib/gcc/arm-atollic-eabi/6.3.1/../../../../arm-atollic-eabi/lib/armv7-m\libc_nano.a(lib_a-wsetup.o)
 .ARM.attributes
                0x00000677       0x2d c:/program files (x86)/atollic/truestudio for stm32 9.3.0/armtools/bin/../lib/gcc/arm-atollic-eabi/6.3.1/../../../../arm-atollic-eabi/lib/armv7-m\libc_nano.a(lib_a-fflush.o)
 .ARM.attributes
                0x000006a4       0x2d c:/program files (x86)/atollic/truestudio for stm32 9.3.0/armtools/bin/../lib/gcc/arm-atollic-eabi/6.3.1/../../../../arm-atollic-eabi/lib/armv7-m\libc_nano.a(lib_a-findfp.o)
 .ARM.attributes
                0x000006d1       0x2d c:/program files (x86)/atollic/truestudio for stm32 9.3.0/armtools/bin/../lib/gcc/arm-atollic-eabi/6.3.1/../../../../arm-atollic-eabi/lib/armv7-m\libc_nano.a(lib_a-fwalk.o)
 .ARM.attributes
                0x000006fe       0x2d c:/program files (x86)/atollic/truestudio for stm32 9.3.0/armtools/bin/../lib/gcc/arm-atollic-eabi/6.3.1/../../../../arm-atollic-eabi/lib/armv7-m\libc_nano.a(lib_a-locale.o)
 .ARM.attributes
                0x0000072b       0x2d c:/program files (x86)/atollic/truestudio for stm32 9.3.0/armtools/bin/../lib/gcc/arm-atollic-eabi/6.3.1/../../../../arm-atollic-eabi/lib/armv7-m\libc_nano.a(lib_a-makebuf.o)
 .ARM.attributes
                0x00000758       0x2d c:/program files (x86)/atollic/truestudio for stm32 9.3.0/armtools/bin/../lib/gcc/arm-atollic-eabi/6.3.1/../../../../arm-atollic-eabi/lib/armv7-m\libc_nano.a(lib_a-mbtowc_r.o)
 .ARM.attributes
                0x00000785       0x2d c:/program files (x86)/atollic/truestudio for stm32 9.3.0/armtools/bin/../lib/gcc/arm-atollic-eabi/6.3.1/../../../../arm-atollic-eabi/lib/armv7-m\libc_nano.a(lib_a-nano-freer.o)
 .ARM.attributes
                0x000007b2       0x2d c:/program files (x86)/atollic/truestudio for stm32 9.3.0/armtools/bin/../lib/gcc/arm-atollic-eabi/6.3.1/../../../../arm-atollic-eabi/lib/armv7-m\libc_nano.a(lib_a-nano-mallocr.o)
 .ARM.attributes
                0x000007df       0x2d c:/program files (x86)/atollic/truestudio for stm32 9.3.0/armtools/bin/../lib/gcc/arm-atollic-eabi/6.3.1/../../../../arm-atollic-eabi/lib/armv7-m\libc_nano.a(lib_a-nano-vfprintf.o)
 .ARM.attributes
                0x0000080c       0x2d c:/program files (x86)/atollic/truestudio for stm32 9.3.0/armtools/bin/../lib/gcc/arm-atollic-eabi/6.3.1/../../../../arm-atollic-eabi/lib/armv7-m\libc_nano.a(lib_a-nano-vfprintf_i.o)
 .ARM.attributes
                0x00000839       0x2d c:/program files (x86)/atollic/truestudio for stm32 9.3.0/armtools/bin/../lib/gcc/arm-atollic-eabi/6.3.1/../../../../arm-atollic-eabi/lib/armv7-m\libc_nano.a(lib_a-sbrkr.o)
 .ARM.attributes
                0x00000866       0x2d c:/program files (x86)/atollic/truestudio for stm32 9.3.0/armtools/bin/../lib/gcc/arm-atollic-eabi/6.3.1/../../../../arm-atollic-eabi/lib/armv7-m\libc_nano.a(lib_a-stdio.o)
 .ARM.attributes
                0x00000893       0x2d c:/program files (x86)/atollic/truestudio for stm32 9.3.0/armtools/bin/../lib/gcc/arm-atollic-eabi/6.3.1/../../../../arm-atollic-eabi/lib/armv7-m\libc_nano.a(lib_a-wctomb_r.o)
 .ARM.attributes
                0x000008c0       0x2d c:/program files (x86)/atollic/truestudio for stm32 9.3.0/armtools/bin/../lib/gcc/arm-atollic-eabi/6.3.1/../../../../arm-atollic-eabi/lib/armv7-m\libc_nano.a(lib_a-writer.o)
 .ARM.attributes
                0x000008ed       0x2d c:/program files (x86)/atollic/truestudio for stm32 9.3.0/armtools/bin/../lib/gcc/arm-atollic-eabi/6.3.1/../../../../arm-atollic-eabi/lib/armv7-m\libc_nano.a(lib_a-closer.o)
 .ARM.attributes
                0x0000091a       0x2d c:/program files (x86)/atollic/truestudio for stm32 9.3.0/armtools/bin/../lib/gcc/arm-atollic-eabi/6.3.1/../../../../arm-atollic-eabi/lib/armv7-m\libc_nano.a(lib_a-ctype_.o)
 .ARM.attributes
                0x00000947       0x2d c:/program files (x86)/atollic/truestudio for stm32 9.3.0/armtools/bin/../lib/gcc/arm-atollic-eabi/6.3.1/../../../../arm-atollic-eabi/lib/armv7-m\libc_nano.a(lib_a-fstatr.o)
 .ARM.attributes
                0x00000974       0x2d c:/program files (x86)/atollic/truestudio for stm32 9.3.0/armtools/bin/../lib/gcc/arm-atollic-eabi/6.3.1/../../../../arm-atollic-eabi/lib/armv7-m\libc_nano.a(lib_a-isattyr.o)
 .ARM.attributes
                0x000009a1       0x2d c:/program files (x86)/atollic/truestudio for stm32 9.3.0/armtools/bin/../lib/gcc/arm-atollic-eabi/6.3.1/../../../../arm-atollic-eabi/lib/armv7-m\libc_nano.a(lib_a-lseekr.o)
 .ARM.attributes
                0x000009ce       0x2d c:/program files (x86)/atollic/truestudio for stm32 9.3.0/armtools/bin/../lib/gcc/arm-atollic-eabi/6.3.1/../../../../arm-atollic-eabi/lib/armv7-m\libc_nano.a(lib_a-memchr-stub.o)
 .ARM.attributes
                0x000009fb       0x2d c:/program files (x86)/atollic/truestudio for stm32 9.3.0/armtools/bin/../lib/gcc/arm-atollic-eabi/6.3.1/../../../../arm-atollic-eabi/lib/armv7-m\libc_nano.a(lib_a-mlock.o)
 .ARM.attributes
                0x00000a28       0x2d c:/program files (x86)/atollic/truestudio for stm32 9.3.0/armtools/bin/../lib/gcc/arm-atollic-eabi/6.3.1/../../../../arm-atollic-eabi/lib/armv7-m\libc_nano.a(lib_a-readr.o)
 .ARM.attributes
                0x00000a55       0x2d c:/program files (x86)/atollic/truestudio for stm32 9.3.0/armtools/bin/../lib/gcc/arm-atollic-eabi/6.3.1/../../../../arm-atollic-eabi/lib/armv7-m\libc_nano.a(lib_a-reent.o)
 .ARM.attributes
                0x00000a82       0x1d c:/program files (x86)/atollic/truestudio for stm32 9.3.0/armtools/bin/../lib/gcc/arm-atollic-eabi/6.3.1/armv7-m/crtn.o
OUTPUT(F103C8(Motion Cotroller).elf elf32-littlearm)

.debug_info     0x00000000    0x14147
 .debug_info    0x00000000      0x7e4 Drivers\STM32F1xx_HAL_Driver\Src\stm32f1xx_hal.o
 .debug_info    0x000007e4      0xeab Drivers\STM32F1xx_HAL_Driver\Src\stm32f1xx_hal_adc.o
 .debug_info    0x0000168f      0xbe7 Drivers\STM32F1xx_HAL_Driver\Src\stm32f1xx_hal_adc_ex.o
 .debug_info    0x00002276      0xcb2 Drivers\STM32F1xx_HAL_Driver\Src\stm32f1xx_hal_cortex.o
 .debug_info    0x00002f28      0x842 Drivers\STM32F1xx_HAL_Driver\Src\stm32f1xx_hal_dma.o
 .debug_info    0x0000376a      0x6ac Drivers\STM32F1xx_HAL_Driver\Src\stm32f1xx_hal_gpio.o
 .debug_info    0x00003e16      0xa0c Drivers\STM32F1xx_HAL_Driver\Src\stm32f1xx_hal_rcc.o
 .debug_info    0x00004822      0x496 Drivers\STM32F1xx_HAL_Driver\Src\stm32f1xx_hal_rcc_ex.o
 .debug_info    0x00004cb8     0x39d5 Drivers\STM32F1xx_HAL_Driver\Src\stm32f1xx_hal_tim.o
 .debug_info    0x0000868d     0x1681 Drivers\STM32F1xx_HAL_Driver\Src\stm32f1xx_hal_tim_ex.o
 .debug_info    0x00009d0e     0x1a3e Drivers\STM32F1xx_HAL_Driver\Src\stm32f1xx_hal_uart.o
 .debug_info    0x0000b74c      0x80f Src\adc.o
 .debug_info    0x0000bf5b      0x759 Src\gpio.o
 .debug_info    0x0000c6b4     0x2b52 Src\main.o
 .debug_info    0x0000f206     0x1219 Src\stm32f1xx_hal_msp.o
 .debug_info    0x0001041f      0xaf8 Src\stm32f1xx_it.o
 .debug_info    0x00010f17      0xfe1 Src\syscalls.o
 .debug_info    0x00011ef8      0x3fd Src\sysclk.o
 .debug_info    0x000122f5      0x29e Src\system_stm32f1xx.o
 .debug_info    0x00012593     0x10ac Src\tim.o
 .debug_info    0x0001363f      0xa86 Src\uart.o
 .debug_info    0x000140c5       0x82 startup\startup_stm32f103xb.o

.debug_abbrev   0x00000000     0x3076
 .debug_abbrev  0x00000000      0x239 Drivers\STM32F1xx_HAL_Driver\Src\stm32f1xx_hal.o
 .debug_abbrev  0x00000239      0x299 Drivers\STM32F1xx_HAL_Driver\Src\stm32f1xx_hal_adc.o
 .debug_abbrev  0x000004d2      0x241 Drivers\STM32F1xx_HAL_Driver\Src\stm32f1xx_hal_adc_ex.o
 .debug_abbrev  0x00000713      0x2f8 Drivers\STM32F1xx_HAL_Driver\Src\stm32f1xx_hal_cortex.o
 .debug_abbrev  0x00000a0b      0x22d Drivers\STM32F1xx_HAL_Driver\Src\stm32f1xx_hal_dma.o
 .debug_abbrev  0x00000c38      0x1e4 Drivers\STM32F1xx_HAL_Driver\Src\stm32f1xx_hal_gpio.o
 .debug_abbrev  0x00000e1c      0x2c1 Drivers\STM32F1xx_HAL_Driver\Src\stm32f1xx_hal_rcc.o
 .debug_abbrev  0x000010dd      0x1c4 Drivers\STM32F1xx_HAL_Driver\Src\stm32f1xx_hal_rcc_ex.o
 .debug_abbrev  0x000012a1      0x335 Drivers\STM32F1xx_HAL_Driver\Src\stm32f1xx_hal_tim.o
 .debug_abbrev  0x000015d6      0x2ab Drivers\STM32F1xx_HAL_Driver\Src\stm32f1xx_hal_tim_ex.o
 .debug_abbrev  0x00001881      0x331 Drivers\STM32F1xx_HAL_Driver\Src\stm32f1xx_hal_uart.o
 .debug_abbrev  0x00001bb2      0x1b9 Src\adc.o
 .debug_abbrev  0x00001d6b      0x182 Src\gpio.o
 .debug_abbrev  0x00001eed      0x3bb Src\main.o
 .debug_abbrev  0x000022a8      0x22f Src\stm32f1xx_hal_msp.o
 .debug_abbrev  0x000024d7      0x1fa Src\stm32f1xx_it.o
 .debug_abbrev  0x000026d1      0x2d9 Src\syscalls.o
 .debug_abbrev  0x000029aa      0x168 Src\sysclk.o
 .debug_abbrev  0x00002b12      0x12f Src\system_stm32f1xx.o
 .debug_abbrev  0x00002c41      0x252 Src\tim.o
 .debug_abbrev  0x00002e93      0x1d1 Src\uart.o
 .debug_abbrev  0x00003064       0x12 startup\startup_stm32f103xb.o

.debug_loc      0x00000000     0x8cd2
 .debug_loc     0x00000000      0x12e Drivers\STM32F1xx_HAL_Driver\Src\stm32f1xx_hal.o
 .debug_loc     0x0000012e      0x87e Drivers\STM32F1xx_HAL_Driver\Src\stm32f1xx_hal_adc.o
 .debug_loc     0x000009ac      0x706 Drivers\STM32F1xx_HAL_Driver\Src\stm32f1xx_hal_adc_ex.o
 .debug_loc     0x000010b2      0x487 Drivers\STM32F1xx_HAL_Driver\Src\stm32f1xx_hal_cortex.o
 .debug_loc     0x00001539      0x5ed Drivers\STM32F1xx_HAL_Driver\Src\stm32f1xx_hal_dma.o
 .debug_loc     0x00001b26      0x316 Drivers\STM32F1xx_HAL_Driver\Src\stm32f1xx_hal_gpio.o
 .debug_loc     0x00001e3c      0x478 Drivers\STM32F1xx_HAL_Driver\Src\stm32f1xx_hal_rcc.o
 .debug_loc     0x000022b4      0x29d Drivers\STM32F1xx_HAL_Driver\Src\stm32f1xx_hal_rcc_ex.o
 .debug_loc     0x00002551     0x38d6 Drivers\STM32F1xx_HAL_Driver\Src\stm32f1xx_hal_tim.o
 .debug_loc     0x00005e27      0xe4c Drivers\STM32F1xx_HAL_Driver\Src\stm32f1xx_hal_tim_ex.o
 .debug_loc     0x00006c73     0x1664 Drivers\STM32F1xx_HAL_Driver\Src\stm32f1xx_hal_uart.o
 .debug_loc     0x000082d7      0x16a Src\main.o
 .debug_loc     0x00008441      0x145 Src\stm32f1xx_hal_msp.o
 .debug_loc     0x00008586      0x3ef Src\syscalls.o
 .debug_loc     0x00008975       0xcd Src\system_stm32f1xx.o
 .debug_loc     0x00008a42      0x238 Src\tim.o
 .debug_loc     0x00008c7a       0x58 Src\uart.o

.debug_aranges  0x00000000      0xca8
 .debug_aranges
                0x00000000       0xd8 Drivers\STM32F1xx_HAL_Driver\Src\stm32f1xx_hal.o
 .debug_aranges
                0x000000d8       0xc8 Drivers\STM32F1xx_HAL_Driver\Src\stm32f1xx_hal_adc.o
 .debug_aranges
                0x000001a0       0x80 Drivers\STM32F1xx_HAL_Driver\Src\stm32f1xx_hal_adc_ex.o
 .debug_aranges
                0x00000220       0x90 Drivers\STM32F1xx_HAL_Driver\Src\stm32f1xx_hal_cortex.o
 .debug_aranges
                0x000002b0       0x78 Drivers\STM32F1xx_HAL_Driver\Src\stm32f1xx_hal_dma.o
 .debug_aranges
                0x00000328       0x58 Drivers\STM32F1xx_HAL_Driver\Src\stm32f1xx_hal_gpio.o
 .debug_aranges
                0x00000380       0x88 Drivers\STM32F1xx_HAL_Driver\Src\stm32f1xx_hal_rcc.o
 .debug_aranges
                0x00000408       0x30 Drivers\STM32F1xx_HAL_Driver\Src\stm32f1xx_hal_rcc_ex.o
 .debug_aranges
                0x00000438      0x298 Drivers\STM32F1xx_HAL_Driver\Src\stm32f1xx_hal_tim.o
 .debug_aranges
                0x000006d0      0x118 Drivers\STM32F1xx_HAL_Driver\Src\stm32f1xx_hal_tim_ex.o
 .debug_aranges
                0x000007e8      0x1a0 Drivers\STM32F1xx_HAL_Driver\Src\stm32f1xx_hal_uart.o
 .debug_aranges
                0x00000988       0x20 Src\adc.o
 .debug_aranges
                0x000009a8       0x20 Src\gpio.o
 .debug_aranges
                0x000009c8       0x60 Src\main.o
 .debug_aranges
                0x00000a28       0x58 Src\stm32f1xx_hal_msp.o
 .debug_aranges
                0x00000a80       0x88 Src\stm32f1xx_it.o
 .debug_aranges
                0x00000b08       0xb0 Src\syscalls.o
 .debug_aranges
                0x00000bb8       0x28 Src\sysclk.o
 .debug_aranges
                0x00000be0       0x28 Src\system_stm32f1xx.o
 .debug_aranges
                0x00000c08       0x50 Src\tim.o
 .debug_aranges
                0x00000c58       0x28 Src\uart.o
 .debug_aranges
                0x00000c80       0x28 startup\startup_stm32f103xb.o

.debug_ranges   0x00000000     0x1110
 .debug_ranges  0x00000000       0xc8 Drivers\STM32F1xx_HAL_Driver\Src\stm32f1xx_hal.o
 .debug_ranges  0x000000c8       0xb8 Drivers\STM32F1xx_HAL_Driver\Src\stm32f1xx_hal_adc.o
 .debug_ranges  0x00000180       0x70 Drivers\STM32F1xx_HAL_Driver\Src\stm32f1xx_hal_adc_ex.o
 .debug_ranges  0x000001f0      0x128 Drivers\STM32F1xx_HAL_Driver\Src\stm32f1xx_hal_cortex.o
 .debug_ranges  0x00000318       0xa8 Drivers\STM32F1xx_HAL_Driver\Src\stm32f1xx_hal_dma.o
 .debug_ranges  0x000003c0       0x60 Drivers\STM32F1xx_HAL_Driver\Src\stm32f1xx_hal_gpio.o
 .debug_ranges  0x00000420       0xa0 Drivers\STM32F1xx_HAL_Driver\Src\stm32f1xx_hal_rcc.o
 .debug_ranges  0x000004c0       0x40 Drivers\STM32F1xx_HAL_Driver\Src\stm32f1xx_hal_rcc_ex.o
 .debug_ranges  0x00000500      0x398 Drivers\STM32F1xx_HAL_Driver\Src\stm32f1xx_hal_tim.o
 .debug_ranges  0x00000898      0x108 Drivers\STM32F1xx_HAL_Driver\Src\stm32f1xx_hal_tim_ex.o
 .debug_ranges  0x000009a0      0x1a8 Drivers\STM32F1xx_HAL_Driver\Src\stm32f1xx_hal_uart.o
 .debug_ranges  0x00000b48       0x50 Src\adc.o
 .debug_ranges  0x00000b98       0x90 Src\gpio.o
 .debug_ranges  0x00000c28       0xa8 Src\main.o
 .debug_ranges  0x00000cd0      0x150 Src\stm32f1xx_hal_msp.o
 .debug_ranges  0x00000e20       0x78 Src\stm32f1xx_it.o
 .debug_ranges  0x00000e98       0xa0 Src\syscalls.o
 .debug_ranges  0x00000f38       0x18 Src\sysclk.o
 .debug_ranges  0x00000f50       0x18 Src\system_stm32f1xx.o
 .debug_ranges  0x00000f68       0xf0 Src\tim.o
 .debug_ranges  0x00001058       0x98 Src\uart.o
 .debug_ranges  0x000010f0       0x20 startup\startup_stm32f103xb.o

.debug_line     0x00000000     0x7951
 .debug_line    0x00000000      0x3ed Drivers\STM32F1xx_HAL_Driver\Src\stm32f1xx_hal.o
 .debug_line    0x000003ed      0x7dd Drivers\STM32F1xx_HAL_Driver\Src\stm32f1xx_hal_adc.o
 .debug_line    0x00000bca      0x692 Drivers\STM32F1xx_HAL_Driver\Src\stm32f1xx_hal_adc_ex.o
 .debug_line    0x0000125c      0x3e6 Drivers\STM32F1xx_HAL_Driver\Src\stm32f1xx_hal_cortex.o
 .debug_line    0x00001642      0x5fb Drivers\STM32F1xx_HAL_Driver\Src\stm32f1xx_hal_dma.o
 .debug_line    0x00001c3d      0x3aa Drivers\STM32F1xx_HAL_Driver\Src\stm32f1xx_hal_gpio.o
 .debug_line    0x00001fe7      0x582 Drivers\STM32F1xx_HAL_Driver\Src\stm32f1xx_hal_rcc.o
 .debug_line    0x00002569      0x336 Drivers\STM32F1xx_HAL_Driver\Src\stm32f1xx_hal_rcc_ex.o
 .debug_line    0x0000289f     0x17b7 Drivers\STM32F1xx_HAL_Driver\Src\stm32f1xx_hal_tim.o
 .debug_line    0x00004056      0xa1c Drivers\STM32F1xx_HAL_Driver\Src\stm32f1xx_hal_tim_ex.o
 .debug_line    0x00004a72      0xd8e Drivers\STM32F1xx_HAL_Driver\Src\stm32f1xx_hal_uart.o
 .debug_line    0x00005800      0x285 Src\adc.o
 .debug_line    0x00005a85      0x28e Src\gpio.o
 .debug_line    0x00005d13      0x627 Src\main.o
 .debug_line    0x0000633a      0x3b2 Src\stm32f1xx_hal_msp.o
 .debug_line    0x000066ec      0x345 Src\stm32f1xx_it.o
 .debug_line    0x00006a31      0x3c0 Src\syscalls.o
 .debug_line    0x00006df1      0x23f Src\sysclk.o
 .debug_line    0x00007030      0x21d Src\system_stm32f1xx.o
 .debug_line    0x0000724d      0x3b4 Src\tim.o
 .debug_line    0x00007601      0x2d0 Src\uart.o
 .debug_line    0x000078d1       0x80 startup\startup_stm32f103xb.o

.debug_str      0x00000000     0x4726
 .debug_str     0x00000000      0x817 Drivers\STM32F1xx_HAL_Driver\Src\stm32f1xx_hal.o
                                0x880 (size before relaxing)
 .debug_str     0x00000817      0x642 Drivers\STM32F1xx_HAL_Driver\Src\stm32f1xx_hal_adc.o
                                0x99e (size before relaxing)
 .debug_str     0x00000e59      0x298 Drivers\STM32F1xx_HAL_Driver\Src\stm32f1xx_hal_adc_ex.o
                                0x958 (size before relaxing)
 .debug_str     0x000010f1      0x3c5 Drivers\STM32F1xx_HAL_Driver\Src\stm32f1xx_hal_cortex.o
                                0x99c (size before relaxing)
 .debug_str     0x000014b6      0x220 Drivers\STM32F1xx_HAL_Driver\Src\stm32f1xx_hal_dma.o
                                0x6ea (size before relaxing)
 .debug_str     0x000016d6      0x1ca Drivers\STM32F1xx_HAL_Driver\Src\stm32f1xx_hal_gpio.o
                                0x4ed (size before relaxing)
 .debug_str     0x000018a0      0x31b Drivers\STM32F1xx_HAL_Driver\Src\stm32f1xx_hal_rcc.o
                                0x6d6 (size before relaxing)
 .debug_str     0x00001bbb      0x110 Drivers\STM32F1xx_HAL_Driver\Src\stm32f1xx_hal_rcc_ex.o
                                0x4ae (size before relaxing)
 .debug_str     0x00001ccb     0x1194 Drivers\STM32F1xx_HAL_Driver\Src\stm32f1xx_hal_tim.o
                               0x1725 (size before relaxing)
 .debug_str     0x00002e5f      0x594 Drivers\STM32F1xx_HAL_Driver\Src\stm32f1xx_hal_tim_ex.o
                                0xf26 (size before relaxing)
 .debug_str     0x000033f3      0x7d4 Drivers\STM32F1xx_HAL_Driver\Src\stm32f1xx_hal_uart.o
                                0xd69 (size before relaxing)
 .debug_str     0x00003bc7       0x30 Src\adc.o
                                0x69e (size before relaxing)
 .debug_str     0x00003bf7       0x1b Src\gpio.o
                                0x669 (size before relaxing)
 .debug_str     0x00003c12      0x6b1 Src\main.o
                               0x1374 (size before relaxing)
 .debug_str     0x000042c3       0x39 Src\stm32f1xx_hal_msp.o
                                0xeea (size before relaxing)
 .debug_str     0x000042fc      0x143 Src\stm32f1xx_it.o
                                0xab2 (size before relaxing)
 .debug_str     0x0000443f      0x23f Src\syscalls.o
                                0x861 (size before relaxing)
 .debug_str     0x0000467e       0x1e Src\sysclk.o
                                0x48c (size before relaxing)
 .debug_str     0x0000469c       0x4d Src\system_stm32f1xx.o
                                0x2fe (size before relaxing)
 .debug_str     0x000046e9       0x2f Src\tim.o
                                0xd5e (size before relaxing)
 .debug_str     0x00004718        0xe Src\uart.o
                                0xa19 (size before relaxing)

.comment        0x00000000       0x7c
 .comment       0x00000000       0x7c Drivers\STM32F1xx_HAL_Driver\Src\stm32f1xx_hal.o
                                 0x7d (size before relaxing)
 .comment       0x0000007c       0x7d Drivers\STM32F1xx_HAL_Driver\Src\stm32f1xx_hal_adc.o
 .comment       0x0000007c       0x7d Drivers\STM32F1xx_HAL_Driver\Src\stm32f1xx_hal_adc_ex.o
 .comment       0x0000007c       0x7d Drivers\STM32F1xx_HAL_Driver\Src\stm32f1xx_hal_cortex.o
 .comment       0x0000007c       0x7d Drivers\STM32F1xx_HAL_Driver\Src\stm32f1xx_hal_dma.o
 .comment       0x0000007c       0x7d Drivers\STM32F1xx_HAL_Driver\Src\stm32f1xx_hal_gpio.o
 .comment       0x0000007c       0x7d Drivers\STM32F1xx_HAL_Driver\Src\stm32f1xx_hal_rcc.o
 .comment       0x0000007c       0x7d Drivers\STM32F1xx_HAL_Driver\Src\stm32f1xx_hal_rcc_ex.o
 .comment       0x0000007c       0x7d Drivers\STM32F1xx_HAL_Driver\Src\stm32f1xx_hal_tim.o
 .comment       0x0000007c       0x7d Drivers\STM32F1xx_HAL_Driver\Src\stm32f1xx_hal_tim_ex.o
 .comment       0x0000007c       0x7d Drivers\STM32F1xx_HAL_Driver\Src\stm32f1xx_hal_uart.o
 .comment       0x0000007c       0x7d Src\adc.o
 .comment       0x0000007c       0x7d Src\gpio.o
 .comment       0x0000007c       0x7d Src\main.o
 .comment       0x0000007c       0x7d Src\stm32f1xx_hal_msp.o
 .comment       0x0000007c       0x7d Src\stm32f1xx_it.o
 .comment       0x0000007c       0x7d Src\syscalls.o
 .comment       0x0000007c       0x7d Src\sysclk.o
 .comment       0x0000007c       0x7d Src\system_stm32f1xx.o
 .comment       0x0000007c       0x7d Src\tim.o
 .comment       0x0000007c       0x7d Src\uart.o

.debug_frame    0x00000000     0x2dd8
 .debug_frame   0x00000000      0x1d4 Drivers\STM32F1xx_HAL_Driver\Src\stm32f1xx_hal.o
 .debug_frame   0x000001d4      0x294 Drivers\STM32F1xx_HAL_Driver\Src\stm32f1xx_hal_adc.o
 .debug_frame   0x00000468      0x170 Drivers\STM32F1xx_HAL_Driver\Src\stm32f1xx_hal_adc_ex.o
 .debug_frame   0x000005d8      0x120 Drivers\STM32F1xx_HAL_Driver\Src\stm32f1xx_hal_cortex.o
 .debug_frame   0x000006f8      0x144 Drivers\STM32F1xx_HAL_Driver\Src\stm32f1xx_hal_dma.o
 .debug_frame   0x0000083c       0xd4 Drivers\STM32F1xx_HAL_Driver\Src\stm32f1xx_hal_gpio.o
 .debug_frame   0x00000910      0x150 Drivers\STM32F1xx_HAL_Driver\Src\stm32f1xx_hal_rcc.o
 .debug_frame   0x00000a60       0x6c Drivers\STM32F1xx_HAL_Driver\Src\stm32f1xx_hal_rcc_ex.o
 .debug_frame   0x00000acc      0x9d8 Drivers\STM32F1xx_HAL_Driver\Src\stm32f1xx_hal_tim.o
 .debug_frame   0x000014a4      0x3d0 Drivers\STM32F1xx_HAL_Driver\Src\stm32f1xx_hal_tim_ex.o
 .debug_frame   0x00001874      0x56c Drivers\STM32F1xx_HAL_Driver\Src\stm32f1xx_hal_uart.o
 .debug_frame   0x00001de0       0x34 Src\adc.o
 .debug_frame   0x00001e14       0x38 Src\gpio.o
 .debug_frame   0x00001e4c      0x10c Src\main.o
 .debug_frame   0x00001f58       0xd0 Src\stm32f1xx_hal_msp.o
 .debug_frame   0x00002028      0x130 Src\stm32f1xx_it.o
 .debug_frame   0x00002158      0x1a8 Src\syscalls.o
 .debug_frame   0x00002300       0x40 Src\sysclk.o
 .debug_frame   0x00002340       0x30 Src\system_stm32f1xx.o
 .debug_frame   0x00002370       0xb4 Src\tim.o
 .debug_frame   0x00002424       0x58 Src\uart.o
 .debug_frame   0x0000247c       0x30 c:/program files (x86)/atollic/truestudio for stm32 9.3.0/armtools/bin/../lib/gcc/arm-atollic-eabi/6.3.1/../../../../arm-atollic-eabi/lib/armv7-m\libc_nano.a(lib_a-atoi.o)
 .debug_frame   0x000024ac       0x20 c:/program files (x86)/atollic/truestudio for stm32 9.3.0/armtools/bin/../lib/gcc/arm-atollic-eabi/6.3.1/../../../../arm-atollic-eabi/lib/armv7-m\libc_nano.a(lib_a-errno.o)
 .debug_frame   0x000024cc       0x2c c:/program files (x86)/atollic/truestudio for stm32 9.3.0/armtools/bin/../lib/gcc/arm-atollic-eabi/6.3.1/../../../../arm-atollic-eabi/lib/armv7-m\libc_nano.a(lib_a-init.o)
 .debug_frame   0x000024f8       0x20 c:/program files (x86)/atollic/truestudio for stm32 9.3.0/armtools/bin/../lib/gcc/arm-atollic-eabi/6.3.1/../../../../arm-atollic-eabi/lib/armv7-m\libc_nano.a(lib_a-memset.o)
 .debug_frame   0x00002518       0x74 c:/program files (x86)/atollic/truestudio for stm32 9.3.0/armtools/bin/../lib/gcc/arm-atollic-eabi/6.3.1/../../../../arm-atollic-eabi/lib/armv7-m\libc_nano.a(lib_a-printf.o)
 .debug_frame   0x0000258c       0x3c c:/program files (x86)/atollic/truestudio for stm32 9.3.0/armtools/bin/../lib/gcc/arm-atollic-eabi/6.3.1/../../../../arm-atollic-eabi/lib/armv7-m\libc_nano.a(lib_a-puts.o)
 .debug_frame   0x000025c8       0x20 c:/program files (x86)/atollic/truestudio for stm32 9.3.0/armtools/bin/../lib/gcc/arm-atollic-eabi/6.3.1/../../../../arm-atollic-eabi/lib/armv7-m\libc_nano.a(lib_a-strcmp.o)
 .debug_frame   0x000025e8       0x88 c:/program files (x86)/atollic/truestudio for stm32 9.3.0/armtools/bin/../lib/gcc/arm-atollic-eabi/6.3.1/../../../../arm-atollic-eabi/lib/armv7-m\libc_nano.a(lib_a-strtol.o)
 .debug_frame   0x00002670       0x40 c:/program files (x86)/atollic/truestudio for stm32 9.3.0/armtools/bin/../lib/gcc/arm-atollic-eabi/6.3.1/../../../../arm-atollic-eabi/lib/armv7-m\libc_nano.a(lib_a-wbuf.o)
 .debug_frame   0x000026b0       0x2c c:/program files (x86)/atollic/truestudio for stm32 9.3.0/armtools/bin/../lib/gcc/arm-atollic-eabi/6.3.1/../../../../arm-atollic-eabi/lib/armv7-m\libc_nano.a(lib_a-wsetup.o)
 .debug_frame   0x000026dc       0x68 c:/program files (x86)/atollic/truestudio for stm32 9.3.0/armtools/bin/../lib/gcc/arm-atollic-eabi/6.3.1/../../../../arm-atollic-eabi/lib/armv7-m\libc_nano.a(lib_a-fflush.o)
 .debug_frame   0x00002744      0x11c c:/program files (x86)/atollic/truestudio for stm32 9.3.0/armtools/bin/../lib/gcc/arm-atollic-eabi/6.3.1/../../../../arm-atollic-eabi/lib/armv7-m\libc_nano.a(lib_a-findfp.o)
 .debug_frame   0x00002860       0x54 c:/program files (x86)/atollic/truestudio for stm32 9.3.0/armtools/bin/../lib/gcc/arm-atollic-eabi/6.3.1/../../../../arm-atollic-eabi/lib/armv7-m\libc_nano.a(lib_a-fwalk.o)
 .debug_frame   0x000028b4       0x68 c:/program files (x86)/atollic/truestudio for stm32 9.3.0/armtools/bin/../lib/gcc/arm-atollic-eabi/6.3.1/../../../../arm-atollic-eabi/lib/armv7-m\libc_nano.a(lib_a-locale.o)
 .debug_frame   0x0000291c       0x58 c:/program files (x86)/atollic/truestudio for stm32 9.3.0/armtools/bin/../lib/gcc/arm-atollic-eabi/6.3.1/../../../../arm-atollic-eabi/lib/armv7-m\libc_nano.a(lib_a-makebuf.o)
 .debug_frame   0x00002974       0x48 c:/program files (x86)/atollic/truestudio for stm32 9.3.0/armtools/bin/../lib/gcc/arm-atollic-eabi/6.3.1/../../../../arm-atollic-eabi/lib/armv7-m\libc_nano.a(lib_a-mbtowc_r.o)
 .debug_frame   0x000029bc       0x38 c:/program files (x86)/atollic/truestudio for stm32 9.3.0/armtools/bin/../lib/gcc/arm-atollic-eabi/6.3.1/../../../../arm-atollic-eabi/lib/armv7-m\libc_nano.a(lib_a-nano-freer.o)
 .debug_frame   0x000029f4       0x2c c:/program files (x86)/atollic/truestudio for stm32 9.3.0/armtools/bin/../lib/gcc/arm-atollic-eabi/6.3.1/../../../../arm-atollic-eabi/lib/armv7-m\libc_nano.a(lib_a-nano-mallocr.o)
 .debug_frame   0x00002a20       0xac c:/program files (x86)/atollic/truestudio for stm32 9.3.0/armtools/bin/../lib/gcc/arm-atollic-eabi/6.3.1/../../../../arm-atollic-eabi/lib/armv7-m\libc_nano.a(lib_a-nano-vfprintf.o)
 .debug_frame   0x00002acc       0x60 c:/program files (x86)/atollic/truestudio for stm32 9.3.0/armtools/bin/../lib/gcc/arm-atollic-eabi/6.3.1/../../../../arm-atollic-eabi/lib/armv7-m\libc_nano.a(lib_a-nano-vfprintf_i.o)
 .debug_frame   0x00002b2c       0x2c c:/program files (x86)/atollic/truestudio for stm32 9.3.0/armtools/bin/../lib/gcc/arm-atollic-eabi/6.3.1/../../../../arm-atollic-eabi/lib/armv7-m\libc_nano.a(lib_a-sbrkr.o)
 .debug_frame   0x00002b58       0x88 c:/program files (x86)/atollic/truestudio for stm32 9.3.0/armtools/bin/../lib/gcc/arm-atollic-eabi/6.3.1/../../../../arm-atollic-eabi/lib/armv7-m\libc_nano.a(lib_a-stdio.o)
 .debug_frame   0x00002be0       0x3c c:/program files (x86)/atollic/truestudio for stm32 9.3.0/armtools/bin/../lib/gcc/arm-atollic-eabi/6.3.1/../../../../arm-atollic-eabi/lib/armv7-m\libc_nano.a(lib_a-wctomb_r.o)
 .debug_frame   0x00002c1c       0x2c c:/program files (x86)/atollic/truestudio for stm32 9.3.0/armtools/bin/../lib/gcc/arm-atollic-eabi/6.3.1/../../../../arm-atollic-eabi/lib/armv7-m\libc_nano.a(lib_a-writer.o)
 .debug_frame   0x00002c48       0x2c c:/program files (x86)/atollic/truestudio for stm32 9.3.0/armtools/bin/../lib/gcc/arm-atollic-eabi/6.3.1/../../../../arm-atollic-eabi/lib/armv7-m\libc_nano.a(lib_a-closer.o)
 .debug_frame   0x00002c74       0x2c c:/program files (x86)/atollic/truestudio for stm32 9.3.0/armtools/bin/../lib/gcc/arm-atollic-eabi/6.3.1/../../../../arm-atollic-eabi/lib/armv7-m\libc_nano.a(lib_a-fstatr.o)
 .debug_frame   0x00002ca0       0x2c c:/program files (x86)/atollic/truestudio for stm32 9.3.0/armtools/bin/../lib/gcc/arm-atollic-eabi/6.3.1/../../../../arm-atollic-eabi/lib/armv7-m\libc_nano.a(lib_a-isattyr.o)
 .debug_frame   0x00002ccc       0x2c c:/program files (x86)/atollic/truestudio for stm32 9.3.0/armtools/bin/../lib/gcc/arm-atollic-eabi/6.3.1/../../../../arm-atollic-eabi/lib/armv7-m\libc_nano.a(lib_a-lseekr.o)
 .debug_frame   0x00002cf8       0x28 c:/program files (x86)/atollic/truestudio for stm32 9.3.0/armtools/bin/../lib/gcc/arm-atollic-eabi/6.3.1/../../../../arm-atollic-eabi/lib/armv7-m\libc_nano.a(lib_a-memchr-stub.o)
 .debug_frame   0x00002d20       0x30 c:/program files (x86)/atollic/truestudio for stm32 9.3.0/armtools/bin/../lib/gcc/arm-atollic-eabi/6.3.1/../../../../arm-atollic-eabi/lib/armv7-m\libc_nano.a(lib_a-mlock.o)
 .debug_frame   0x00002d50       0x2c c:/program files (x86)/atollic/truestudio for stm32 9.3.0/armtools/bin/../lib/gcc/arm-atollic-eabi/6.3.1/../../../../arm-atollic-eabi/lib/armv7-m\libc_nano.a(lib_a-readr.o)
 .debug_frame   0x00002d7c       0x5c c:/program files (x86)/atollic/truestudio for stm32 9.3.0/armtools/bin/../lib/gcc/arm-atollic-eabi/6.3.1/../../../../arm-atollic-eabi/lib/armv7-m\libc_nano.a(lib_a-reent.o)
